<html>
<body>
<pre>
<h1>µVision Build Log</h1>
<h2>Project:</h2>
G:\XB\D2-Soft\TwoBoard\ZJB_V1.1\USER\3UART.uvproj
Project File Date:  01/26/2015

<h2>Output:</h2>
Build target 'V1_1'
compiling main.c...
compiling Timer.c...
compiling CR95.c...
compiling SPI.c...
compiling flash.c...
compiling LCD.c...
compiling usart.c...
linking...
Program Size: Code=28948 RO-data=268 RW-data=1432 ZI-data=2184  
FromELF: creating hex file...
"..\BIN\KEY.axf" - 0 Error(s), 0 Warning(s).
Load "..\\BIN\\KEY.axf" 
Erase Done.
Programming Done.
Verify OK.
</pre>
</body>
</html>
