ARM Linker, 5.03 [Build 76] [MDK-ARM Standard]

==============================================================================

Section Cross References

    main.o(.text) refers to system_stm32f10x.o(.text) for SystemInit
    main.o(.text) refers to delay.o(.text) for delay_init
    main.o(.text) refers to sys.o(.text) for NVIC_Configuration
    main.o(.text) refers to usart.o(.text) for UART2PC_Init
    main.o(.text) refers to spi.o(.text) for SPI_Two_Init
    main.o(.text) refers to key.o(.text) for KEY_Init
    main.o(.text) refers to lcd.o(.text) for initial_lcd
    main.o(.text) refers to flash.o(.text) for FLASH_Read_ID
    main.o(.text) refers to main.o(.data) for Sum
    main.o(.text) refers to main.o(.bss) for Empty
    main.o(.data) refers to main.o(.bss) for Response
    system_stm32f10x.o(.text) refers to system_stm32f10x.o(.data) for SystemCoreClock
    key.o(.text) refers to stm32f10x_rcc.o(.text) for RCC_APB2PeriphClockCmd
    key.o(.text) refers to stm32f10x_gpio.o(.text) for GPIO_Init
    key.o(.text) refers to delay.o(.text) for delay_ms
    key.o(.text) refers to key.o(.data) for key_up
    timer.o(.text) refers to stm32f10x_tim.o(.text) for TIM_ClearITPendingBit
    timer.o(.text) refers to stm32f10x_rcc.o(.text) for RCC_APB1PeriphClockCmd
    timer.o(.text) refers to misc.o(.text) for NVIC_PriorityGroupConfig
    timer.o(.text) refers to main.o(.data) for TimeUp
    timer.o(.text) refers to timer.o(.data) for counter_delay_ms
    cr95.o(.text) refers to stm32f10x_spi.o(.text) for SPI_I2S_DeInit
    cr95.o(.text) refers to stm32f10x_rcc.o(.text) for RCC_APB2PeriphClockCmd
    cr95.o(.text) refers to stm32f10x_gpio.o(.text) for GPIO_Init
    cr95.o(.text) refers to delay.o(.text) for delay_ms
    cr95.o(.text) refers to spi.o(.text) for SPI_SendReceiveByte
    cr95.o(.text) refers to usart.o(.text) for Prints
    cr95.o(.text) refers to main.o(.data) for ReaderConfig
    cr95.o(.text) refers to cr95.o(.data) for CR95_Protocol
    spi.o(.text) refers to stm32f10x_spi.o(.text) for SPI_I2S_DeInit
    spi.o(.text) refers to stm32f10x_rcc.o(.text) for RCC_APB2PeriphClockCmd
    spi.o(.text) refers to stm32f10x_gpio.o(.text) for GPIO_Init
    spi.o(.text) refers to timer.o(.text) for StartTimeOut
    spi.o(.text) refers to cr95.o(.text) for SpyTransaction
    spi.o(.text) refers to spi.o(.data) for CR95HF_TimeOut
    flash.o(.text) refers to stm32f10x_spi.o(.text) for SPI_I2S_DeInit
    flash.o(.text) refers to stm32f10x_rcc.o(.text) for RCC_APB2PeriphClockCmd
    flash.o(.text) refers to stm32f10x_gpio.o(.text) for GPIO_Init
    flash.o(.text) refers to spi.o(.text) for SPI_SendReceiveByte
    lcd.o(.text) refers to stm32f10x_rcc.o(.text) for RCC_APB2PeriphClockCmd
    lcd.o(.text) refers to stm32f10x_gpio.o(.text) for GPIO_Init
    lcd.o(.text) refers to delay.o(.text) for delay_ms
    lcd.o(.text) refers to main.o(.data) for EmptyStart
    lcd.o(.text) refers to main.o(.bss) for Empty
    delay.o(.text) refers to misc.o(.text) for SysTick_CLKSourceConfig
    delay.o(.text) refers to delay.o(.data) for fac_us
    sys.o(.text) refers to misc.o(.text) for NVIC_PriorityGroupConfig
    usart.o(.text) refers (Special) to use_no_semi_2.o(.text) for __use_no_semihosting
    usart.o(.text) refers to stm32f10x_rcc.o(.text) for RCC_APB2PeriphClockCmd
    usart.o(.text) refers to stm32f10x_gpio.o(.text) for GPIO_Init
    usart.o(.text) refers to misc.o(.text) for NVIC_Init
    usart.o(.text) refers to stm32f10x_usart.o(.text) for USART_Init
    usart.o(.text) refers to timer.o(.text) for StartTimeOut
    usart.o(.text) refers to main.o(.data) for TimeUp
    usart.o(.text) refers to usart.o(.data) for HexTable
    usart.o(.text) refers to main.o(.bss) for ReceivedData
    usart.o(.text) refers to flash.o(.text) for Flash_Read
    usart.o(.data) refers (Special) to use_no_semi_2.o(.text) for __use_no_semihosting
    startup_stm32f10x_md.o(STACK) refers (Special) to heapauxi.o(.text) for __use_two_region_memory
    startup_stm32f10x_md.o(HEAP) refers (Special) to heapauxi.o(.text) for __use_two_region_memory
    startup_stm32f10x_md.o(RESET) refers (Special) to heapauxi.o(.text) for __use_two_region_memory
    startup_stm32f10x_md.o(RESET) refers to startup_stm32f10x_md.o(STACK) for __initial_sp
    startup_stm32f10x_md.o(RESET) refers to startup_stm32f10x_md.o(.text) for Reset_Handler
    startup_stm32f10x_md.o(RESET) refers to stm32f10x_it.o(.text) for NMI_Handler
    startup_stm32f10x_md.o(RESET) refers to usart.o(.text) for USART1_IRQHandler
    startup_stm32f10x_md.o(.text) refers (Special) to heapauxi.o(.text) for __use_two_region_memory
    startup_stm32f10x_md.o(.text) refers to system_stm32f10x.o(.text) for SystemInit
    startup_stm32f10x_md.o(.text) refers to __main.o(!!!main) for __main
    startup_stm32f10x_md.o(.text) refers to startup_stm32f10x_md.o(HEAP) for Heap_Mem
    startup_stm32f10x_md.o(.text) refers to startup_stm32f10x_md.o(STACK) for Stack_Mem
[...]
    use_no_semi_2.o(.text) refers (Special) to use_no_semi.o(.text) for __use_no_semihosting_swi
    __main.o(!!!main) refers to rtentry.o(.ARM.Collect$$rtentry$$00000000) for __rt_entry
    rtentry.o(.ARM.Collect$$rtentry$$00000000) refers (Special) to rtentry2.o(.ARM.Collect$$rtentry$$0000000A) for __rt_entry_li
    rtentry.o(.ARM.Collect$$rtentry$$00000000) refers (Special) to rtentry2.o(.ARM.Collect$$rtentry$$0000000D) for __rt_entry_main
    rtentry.o(.ARM.Collect$$rtentry$$00000000) refers (Special) to rtentry2.o(.ARM.Collect$$rtentry$$0000000C) for __rt_entry_postli_1
    rtentry.o(.ARM.Collect$$rtentry$$00000000) refers (Special) to rtentry2.o(.ARM.Collect$$rtentry$$00000009) for __rt_entry_postsh_1
    rtentry.o(.ARM.Collect$$rtentry$$00000000) refers (Special) to rtentry2.o(.ARM.Collect$$rtentry$$00000002) for __rt_entry_presh_1
    rtentry.o(.ARM.Collect$$rtentry$$00000000) refers (Special) to rtentry4.o(.ARM.Collect$$rtentry$$00000004) for __rt_entry_sh
    rtentry2.o(.ARM.Collect$$rtentry$$00000008) refers to boardinit2.o(.text) for _platform_post_stackheap_init
    rtentry2.o(.ARM.Collect$$rtentry$$0000000A) refers to libinit.o(.ARM.Collect$$libinit$$00000000) for __rt_lib_init
    rtentry2.o(.ARM.Collect$$rtentry$$0000000B) refers to boardinit3.o(.text) for _platform_post_lib_init
    rtentry2.o(.ARM.Collect$$rtentry$$0000000D) refers to main.o(.text) for main
    rtentry2.o(.ARM.Collect$$rtentry$$0000000D) refers to exit.o(.text) for exit
    rtentry2.o(.ARM.exidx) refers to rtentry2.o(.ARM.Collect$$rtentry$$00000001) for .ARM.Collect$$rtentry$$00000001
    rtentry2.o(.ARM.exidx) refers to rtentry2.o(.ARM.Collect$$rtentry$$00000008) for .ARM.Collect$$rtentry$$00000008
    rtentry2.o(.ARM.exidx) refers to rtentry2.o(.ARM.Collect$$rtentry$$0000000A) for .ARM.Collect$$rtentry$$0000000A
    rtentry2.o(.ARM.exidx) refers to rtentry2.o(.ARM.Collect$$rtentry$$0000000B) for .ARM.Collect$$rtentry$$0000000B
    rtentry2.o(.ARM.exidx) refers to rtentry2.o(.ARM.Collect$$rtentry$$0000000D) for .ARM.Collect$$rtentry$$0000000D
    rtentry4.o(.ARM.Collect$$rtentry$$00000004) refers to sys_stackheap_outer.o(.text) for __user_setup_stackheap
    rtentry4.o(.ARM.exidx) refers to rtentry4.o(.ARM.Collect$$rtentry$$00000004) for .ARM.Collect$$rtentry$$00000004
    sys_stackheap_outer.o(.text) refers to libspace.o(.text) for __user_perproc_libspace
    sys_stackheap_outer.o(.text) refers to startup_stm32f10x_md.o(.text) for __user_initial_stackheap
    exit.o(.text) refers to rtexit.o(.ARM.Collect$$rtexit$$00000000) for __rt_exit
    libinit.o(.ARM.Collect$$libinit$$00000000) refers (Special) to libinit2.o(.ARM.Collect$$libinit$$0000002C) for __rt_lib_init_alloca_1
    libinit.o(.ARM.Collect$$libinit$$00000000) refers (Special) to libinit2.o(.ARM.Collect$$libinit$$0000002A) for __rt_lib_init_argv_1
    libinit.o(.ARM.Collect$$libinit$$00000000) refers (Special) to libinit2.o(.ARM.Collect$$libinit$$00000019) for __rt_lib_init_atexit_1
    libinit.o(.ARM.Collect$$libinit$$00000000) refers (Special) to libinit2.o(.ARM.Collect$$libinit$$0000001F) for __rt_lib_init_clock_1
    libinit.o(.ARM.Collect$$libinit$$00000000) refers (Special) to libinit2.o(.ARM.Collect$$libinit$$00000030) for __rt_lib_init_cpp_1
    libinit.o(.ARM.Collect$$libinit$$00000000) refers (Special) to libinit2.o(.ARM.Collect$$libinit$$0000002E) for __rt_lib_init_exceptions_1
    libinit.o(.ARM.Collect$$libinit$$00000000) refers (Special) to libinit2.o(.ARM.Collect$$libinit$$00000002) for __rt_lib_init_fp_1
    libinit.o(.ARM.Collect$$libinit$$00000000) refers (Special) to libinit2.o(.ARM.Collect$$libinit$$0000001D) for __rt_lib_init_fp_trap_1
    libinit.o(.ARM.Collect$$libinit$$00000000) refers (Special) to libinit2.o(.ARM.Collect$$libinit$$00000021) for __rt_lib_init_getenv_1
    libinit.o(.ARM.Collect$$libinit$$00000000) refers (Special) to libinit2.o(.ARM.Collect$$libinit$$00000008) for __rt_lib_init_heap_1
    libinit.o(.ARM.Collect$$libinit$$00000000) refers (Special) to libinit2.o(.ARM.Collect$$libinit$$0000000F) for __rt_lib_init_lc_collate_1
    libinit.o(.ARM.Collect$$libinit$$00000000) refers (Special) to libinit2.o(.ARM.Collect$$libinit$$00000011) for __rt_lib_init_lc_ctype_1
    libinit.o(.ARM.Collect$$libinit$$00000000) refers (Special) to libinit2.o(.ARM.Collect$$libinit$$00000013) for __rt_lib_init_lc_monetary_1
    libinit.o(.ARM.Collect$$libinit$$00000000) refers (Special) to libinit2.o(.ARM.Collect$$libinit$$00000015) for __rt_lib_init_lc_numeric_1
    libinit.o(.ARM.Collect$$libinit$$00000000) refers (Special) to libinit2.o(.ARM.Collect$$libinit$$00000017) for __rt_lib_init_lc_time_1
    libinit.o(.ARM.Collect$$libinit$$00000000) refers (Special) to libinit2.o(.ARM.Collect$$libinit$$0000000C) for __rt_lib_init_rand_1
    libinit.o(.ARM.Collect$$libinit$$00000000) refers (Special) to libinit2.o(.ARM.Collect$$libinit$$00000031) for __rt_lib_init_return
    libinit.o(.ARM.Collect$$libinit$$00000000) refers (Special) to libinit2.o(.ARM.Collect$$libinit$$0000001B) for __rt_lib_init_signal_1
    libinit.o(.ARM.Collect$$libinit$$00000000) refers (Special) to libinit2.o(.ARM.Collect$$libinit$$00000023) for __rt_lib_init_stdio_1
    libinit.o(.ARM.Collect$$libinit$$00000000) refers (Special) to libinit2.o(.ARM.Collect$$libinit$$0000000A) for __rt_lib_init_user_alloc_1
    libspace.o(.text) refers to libspace.o(.bss) for __libspace_start
    rtexit.o(.ARM.Collect$$rtexit$$00000000) refers (Special) to rtexit2.o(.ARM.Collect$$rtexit$$00000004) for __rt_exit_exit
    rtexit.o(.ARM.Collect$$rtexit$$00000000) refers (Special) to rtexit2.o(.ARM.Collect$$rtexit$$00000003) for __rt_exit_ls
    rtexit.o(.ARM.Collect$$rtexit$$00000000) refers (Special) to rtexit2.o(.ARM.Collect$$rtexit$$00000002) for __rt_exit_prels_1
    rtexit.o(.ARM.exidx) refers (Special) to rtexit2.o(.ARM.Collect$$rtexit$$00000004) for __rt_exit_exit
    rtexit.o(.ARM.exidx) refers (Special) to rtexit2.o(.ARM.Collect$$rtexit$$00000003) for __rt_exit_ls
    rtexit.o(.ARM.exidx) refers (Special) to rtexit2.o(.ARM.Collect$$rtexit$$00000002) for __rt_exit_prels_1
    rtexit.o(.ARM.exidx) refers to rtexit.o(.ARM.Collect$$rtexit$$00000000) for .ARM.Collect$$rtexit$$00000000
    libinit2.o(.ARM.Collect$$libinit$$0000000E) refers to libinit2.o(.ARM.Collect$$libinit$$0000000D) for .ARM.Collect$$libinit$$0000000D
    libinit2.o(.ARM.Collect$$libinit$$00000010) refers to libinit2.o(.ARM.Collect$$libinit$$0000000D) for .ARM.Collect$$libinit$$0000000D
    libinit2.o(.ARM.Collect$$libinit$$00000012) refers to libinit2.o(.ARM.Collect$$libinit$$0000000D) for .ARM.Collect$$libinit$$0000000D
    libinit2.o(.ARM.Collect$$libinit$$00000014) refers to libinit2.o(.ARM.Collect$$libinit$$0000000D) for .ARM.Collect$$libinit$$0000000D
    libinit2.o(.ARM.Collect$$libinit$$00000016) refers to libinit2.o(.ARM.Collect$$libinit$$0000000D) for .ARM.Collect$$libinit$$0000000D
    libinit2.o(.ARM.Collect$$libinit$$00000024) refers to argv_veneer.o(.emb_text) for __ARM_argv_veneer
    libinit2.o(.ARM.Collect$$libinit$$00000025) refers to argv_veneer.o(.emb_text) for __ARM_argv_veneer
    rtexit2.o(.ARM.Collect$$rtexit$$00000003) refers to libshutdown.o(.ARM.Collect$$libshutdown$$00000000) for __rt_lib_shutdown
    rtexit2.o(.ARM.Collect$$rtexit$$00000004) refers to usart.o(.text) for _sys_exit
    rtexit2.o(.ARM.exidx) refers to rtexit2.o(.ARM.Collect$$rtexit$$00000001) for .ARM.Collect$$rtexit$$00000001
    rtexit2.o(.ARM.exidx) refers to rtexit2.o(.ARM.Collect$$rtexit$$00000003) for .ARM.Collect$$rtexit$$00000003
    rtexit2.o(.ARM.exidx) refers to rtexit2.o(.ARM.Collect$$rtexit$$00000004) for .ARM.Collect$$rtexit$$00000004
    argv_veneer.o(.emb_text) refers to no_argv.o(.text) for __ARM_get_argv
    _get_argv_nomalloc.o(.text) refers (Special) to hrguard.o(.text) for __heap_region$guard
    _get_argv_nomalloc.o(.text) refers to defsig_rtmem_outer.o(.text) for __rt_SIGRTMEM
    _get_argv_nomalloc.o(.text) refers to sys_command.o(.text) for _sys_command_string
    libshutdown.o(.ARM.Collect$$libshutdown$$00000000) refers (Special) to libshutdown2.o(.ARM.Collect$$libshutdown$$00000006) for __rt_lib_shutdown_fp_trap_1
    libshutdown.o(.ARM.Collect$$libshutdown$$00000000) refers (Special) to libshutdown2.o(.ARM.Collect$$libshutdown$$0000000E) for __rt_lib_shutdown_heap_1
    libshutdown.o(.ARM.Collect$$libshutdown$$00000000) refers (Special) to libshutdown2.o(.ARM.Collect$$libshutdown$$0000000F) for __rt_lib_shutdown_return
    libshutdown.o(.ARM.Collect$$libshutdown$$00000000) refers (Special) to libshutdown2.o(.ARM.Collect$$libshutdown$$00000009) for __rt_lib_shutdown_signal_1
    libshutdown.o(.ARM.Collect$$libshutdown$$00000000) refers (Special) to libshutdown2.o(.ARM.Collect$$libshutdown$$00000003) for __rt_lib_shutdown_stdio_1
    libshutdown.o(.ARM.Collect$$libshutdown$$00000000) refers (Special) to libshutdown2.o(.ARM.Collect$$libshutdown$$0000000B) for __rt_lib_shutdown_user_alloc_1
    sys_command.o(.text) refers (Special) to use_no_semi.o(.text) for __I$use$semihosting
    sys_command.o(.text) refers (Special) to indicate_semi.o(.text) for __semihosting_library_function
    defsig_rtmem_outer.o(.text) refers to defsig_rtmem_inner.o(.text) for __rt_SIGRTMEM_inner
    defsig_rtmem_outer.o(.text) refers to defsig_exit.o(.text) for __sig_exit
    defsig_rtmem_formal.o(.text) refers to rt_raise.o(.text) for __rt_raise
    rt_raise.o(.text) refers to __raise.o(.text) for __raise
    rt_raise.o(.text) refers to usart.o(.text) for _sys_exit
    defsig_exit.o(.text) refers to usart.o(.text) for _sys_exit
    defsig_rtmem_inner.o(.text) refers to defsig_general.o(.text) for __default_signal_display
    __raise.o(.text) refers to defsig.o(CL$$defsig) for __default_signal_handler
    defsig_general.o(.text) refers to sys_wrch.o(.text) for _ttywrch
    sys_wrch.o(.text) refers (Special) to use_no_semi.o(.text) for __I$use$semihosting
    sys_wrch.o(.text) refers (Special) to indicate_semi.o(.text) for __semihosting_library_function
    defsig.o(CL$$defsig) refers to defsig_rtmem_inner.o(.text) for __rt_SIGRTMEM_inner
    defsig_abrt_inner.o(.text) refers to defsig_general.o(.text) for __default_signal_display
    defsig_fpe_inner.o(.text) refers to defsig_general.o(.text) for __default_signal_display
    defsig_rtred_inner.o(.text) refers to defsig_general.o(.text) for __default_signal_display
    defsig_stak_inner.o(.text) refers to defsig_general.o(.text) for __default_signal_display
    defsig_pvfn_inner.o(.text) refers to defsig_general.o(.text) for __default_signal_display
    defsig_cppl_inner.o(.text) refers to defsig_general.o(.text) for __default_signal_display
    defsig_segv_inner.o(.text) refers to defsig_general.o(.text) for __default_signal_display
    defsig_other.o(.text) refers to defsig_general.o(.text) for __default_signal_display


==============================================================================

Removing Unused input sections from the image.

    Removing lcd.o(.data), (1 bytes).
    Removing core_cm3.o(.emb_text), (32 bytes).
    Removing stm32f10x_adc.o(.text), (1102 bytes).
    Removing stm32f10x_bkp.o(.text), (196 bytes).
    Removing stm32f10x_can.o(.text), (2540 bytes).
    Removing stm32f10x_cec.o(.text), (288 bytes).
    Removing stm32f10x_crc.o(.text), (72 bytes).
    Removing stm32f10x_dac.o(.text), (396 bytes).
    Removing stm32f10x_dbgmcu.o(.text), (48 bytes).
    Removing stm32f10x_dma.o(.text), (592 bytes).
    Removing stm32f10x_exti.o(.text), (284 bytes).
    Removing stm32f10x_flash.o(.text), (1468 bytes).
    Removing stm32f10x_fsmc.o(.text), (1560 bytes).
    Removing stm32f10x_i2c.o(.text), (1028 bytes).
    Removing stm32f10x_iwdg.o(.text), (64 bytes).
    Removing stm32f10x_pwr.o(.text), (204 bytes).
    Removing stm32f10x_rtc.o(.text), (324 bytes).
    Removing stm32f10x_sdio.o(.text), (472 bytes).
    Removing stm32f10x_wwdg.o(.text), (136 bytes).

19 unused section(s) (total 10807 bytes) removed from the image.

==============================================================================

Image Symbol Table

    Local Symbols

    Symbol Name                              Value     Ov Type        Size  Object(Section)

    ../clib/angel/boardlib.s                 0x00000000   Number         0  boardshut.o ABSOLUTE
    ../clib/angel/boardlib.s                 0x00000000   Number         0  boardinit1.o ABSOLUTE
    ../clib/angel/boardlib.s                 0x00000000   Number         0  boardinit2.o ABSOLUTE
    ../clib/angel/boardlib.s                 0x00000000   Number         0  boardinit3.o ABSOLUTE
    ../clib/angel/dczerorl2.s                0x00000000   Number         0  __dczerorl2.o ABSOLUTE
    ../clib/angel/handlers.s                 0x00000000   Number         0  __scatter_zi.o ABSOLUTE
    ../clib/angel/kernel.s                   0x00000000   Number         0  rtentry.o ABSOLUTE
    ../clib/angel/kernel.s                   0x00000000   Number         0  rtexit2.o ABSOLUTE
    ../clib/angel/kernel.s                   0x00000000   Number         0  rtentry4.o ABSOLUTE
    ../clib/angel/kernel.s                   0x00000000   Number         0  rtexit.o ABSOLUTE
    ../clib/angel/kernel.s                   0x00000000   Number         0  rtentry2.o ABSOLUTE
    ../clib/angel/rt.s                       0x00000000   Number         0  rt_raise.o ABSOLUTE
    ../clib/angel/scatter.s                  0x00000000   Number         0  __scatter.o ABSOLUTE
    ../clib/angel/startup.s                  0x00000000   Number         0  __main.o ABSOLUTE
    ../clib/angel/sys.s                      0x00000000   Number         0  use_no_semi.o ABSOLUTE
    ../clib/angel/sys.s                      0x00000000   Number         0  libspace.o ABSOLUTE
    ../clib/angel/sys.s                      0x00000000   Number         0  indicate_semi.o ABSOLUTE
    ../clib/angel/sys.s                      0x00000000   Number         0  sys_stackheap_outer.o ABSOLUTE
    ../clib/angel/sys.s                      0x00000000   Number         0  use_no_semi_2.o ABSOLUTE
    ../clib/angel/sysapp.c                   0x00000000   Number         0  sys_wrch.o ABSOLUTE
    ../clib/angel/sysapp.c                   0x00000000   Number         0  sys_command.o ABSOLUTE
    ../clib/armsys.c                         0x00000000   Number         0  _get_argv_nomalloc.o ABSOLUTE
    ../clib/armsys.c                         0x00000000   Number         0  argv_veneer.o ABSOLUTE
    ../clib/armsys.c                         0x00000000   Number         0  argv_veneer.o ABSOLUTE
    ../clib/armsys.c                         0x00000000   Number         0  no_argv.o ABSOLUTE
    ../clib/heapalloc.c                      0x00000000   Number         0  hrguard.o ABSOLUTE
    ../clib/heapaux.c                        0x00000000   Number         0  heapauxi.o ABSOLUTE
    ../clib/libinit.s                        0x00000000   Number         0  libshutdown.o ABSOLUTE
    ../clib/libinit.s                        0x00000000   Number         0  libshutdown2.o ABSOLUTE
    ../clib/libinit.s                        0x00000000   Number         0  libinit2.o ABSOLUTE
    ../clib/libinit.s                        0x00000000   Number         0  libinit.o ABSOLUTE
    ../clib/signal.c                         0x00000000   Number         0  defsig_segv_inner.o ABSOLUTE
    ../clib/signal.c                         0x00000000   Number         0  defsig_cppl_inner.o ABSOLUTE
    ../clib/signal.c                         0x00000000   Number         0  defsig_pvfn_inner.o ABSOLUTE
    ../clib/signal.c                         0x00000000   Number         0  defsig_stak_inner.o ABSOLUTE
    ../clib/signal.c                         0x00000000   Number         0  defsig_rtred_inner.o ABSOLUTE
    ../clib/signal.c                         0x00000000   Number         0  defsig_fpe_inner.o ABSOLUTE
    ../clib/signal.c                         0x00000000   Number         0  defsig_abrt_inner.o ABSOLUTE
    ../clib/signal.c                         0x00000000   Number         0  defsig_rtmem_outer.o ABSOLUTE
    ../clib/signal.c                         0x00000000   Number         0  defsig_rtmem_formal.o ABSOLUTE
    ../clib/signal.c                         0x00000000   Number         0  defsig_other.o ABSOLUTE
    ../clib/signal.c                         0x00000000   Number         0  __raise.o ABSOLUTE
    ../clib/signal.c                         0x00000000   Number         0  defsig_exit.o ABSOLUTE
    ../clib/signal.c                         0x00000000   Number         0  defsig_rtmem_inner.o ABSOLUTE
    ../clib/signal.c                         0x00000000   Number         0  defsig_general.o ABSOLUTE
    ../clib/signal.s                         0x00000000   Number         0  defsig.o ABSOLUTE
    ../clib/stdlib.c                         0x00000000   Number         0  exit.o ABSOLUTE
    ../fplib/fpinit.s                        0x00000000   Number         0  fpinit.o ABSOLUTE
    ..\CORE\core_cm3.c                       0x00000000   Number         0  core_cm3.o ABSOLUTE
    ..\CORE\startup_stm32f10x_md.s           0x00000000   Number         0  startup_stm32f10x_md.o ABSOLUTE
    ..\HARDWARE\CR95\CR95.c                  0x00000000   Number         0  cr95.o ABSOLUTE
    ..\HARDWARE\FLASH\flash.c                0x00000000   Number         0  flash.o ABSOLUTE
    ..\HARDWARE\KEY\key.c                    0x00000000   Number         0  key.o ABSOLUTE
    ..\HARDWARE\LCD\LCD.c                    0x00000000   Number         0  lcd.o ABSOLUTE
    ..\HARDWARE\SPI\SPI.c                    0x00000000   Number         0  spi.o ABSOLUTE
    ..\HARDWARE\TIMER\Timer.c                0x00000000   Number         0  timer.o ABSOLUTE
    ..\STM32F10x_FWLib\src\misc.c            0x00000000   Number         0  misc.o ABSOLUTE
    ..\STM32F10x_FWLib\src\stm32f10x_adc.c   0x00000000   Number         0  stm32f10x_adc.o ABSOLUTE
    ..\STM32F10x_FWLib\src\stm32f10x_bkp.c   0x00000000   Number         0  stm32f10x_bkp.o ABSOLUTE
    ..\STM32F10x_FWLib\src\stm32f10x_can.c   0x00000000   Number         0  stm32f10x_can.o ABSOLUTE
    ..\STM32F10x_FWLib\src\stm32f10x_cec.c   0x00000000   Number         0  stm32f10x_cec.o ABSOLUTE
    ..\STM32F10x_FWLib\src\stm32f10x_crc.c   0x00000000   Number         0  stm32f10x_crc.o ABSOLUTE
    ..\STM32F10x_FWLib\src\stm32f10x_dac.c   0x00000000   Number         0  stm32f10x_dac.o ABSOLUTE
    ..\STM32F10x_FWLib\src\stm32f10x_dbgmcu.c 0x00000000   Number         0  stm32f10x_dbgmcu.o ABSOLUTE
    ..\STM32F10x_FWLib\src\stm32f10x_dma.c   0x00000000   Number         0  stm32f10x_dma.o ABSOLUTE
    ..\STM32F10x_FWLib\src\stm32f10x_exti.c  0x00000000   Number         0  stm32f10x_exti.o ABSOLUTE
    ..\STM32F10x_FWLib\src\stm32f10x_flash.c 0x00000000   Number         0  stm32f10x_flash.o ABSOLUTE
    ..\STM32F10x_FWLib\src\stm32f10x_fsmc.c  0x00000000   Number         0  stm32f10x_fsmc.o ABSOLUTE
    ..\STM32F10x_FWLib\src\stm32f10x_gpio.c  0x00000000   Number         0  stm32f10x_gpio.o ABSOLUTE
    ..\STM32F10x_FWLib\src\stm32f10x_i2c.c   0x00000000   Number         0  stm32f10x_i2c.o ABSOLUTE
    ..\STM32F10x_FWLib\src\stm32f10x_iwdg.c  0x00000000   Number         0  stm32f10x_iwdg.o ABSOLUTE
    ..\STM32F10x_FWLib\src\stm32f10x_pwr.c   0x00000000   Number         0  stm32f10x_pwr.o ABSOLUTE
    ..\STM32F10x_FWLib\src\stm32f10x_rcc.c   0x00000000   Number         0  stm32f10x_rcc.o ABSOLUTE
    ..\STM32F10x_FWLib\src\stm32f10x_rtc.c   0x00000000   Number         0  stm32f10x_rtc.o ABSOLUTE
    ..\STM32F10x_FWLib\src\stm32f10x_sdio.c  0x00000000   Number         0  stm32f10x_sdio.o ABSOLUTE
    ..\STM32F10x_FWLib\src\stm32f10x_spi.c   0x00000000   Number         0  stm32f10x_spi.o ABSOLUTE
    ..\STM32F10x_FWLib\src\stm32f10x_tim.c   0x00000000   Number         0  stm32f10x_tim.o ABSOLUTE
    ..\STM32F10x_FWLib\src\stm32f10x_usart.c 0x00000000   Number         0  stm32f10x_usart.o ABSOLUTE
    ..\STM32F10x_FWLib\src\stm32f10x_wwdg.c  0x00000000   Number         0  stm32f10x_wwdg.o ABSOLUTE
    ..\SYSTEM\delay\delay.c                  0x00000000   Number         0  delay.o ABSOLUTE
    ..\SYSTEM\sys\sys.c                      0x00000000   Number         0  sys.o ABSOLUTE
    ..\SYSTEM\usart\usart.c                  0x00000000   Number         0  usart.o ABSOLUTE
    ..\\CORE\\core_cm3.c                     0x00000000   Number         0  core_cm3.o ABSOLUTE
    dc.s                                     0x00000000   Number         0  dc.o ABSOLUTE
    main.c                                   0x00000000   Number         0  main.o ABSOLUTE
    stm32f10x_it.c                           0x00000000   Number         0  stm32f10x_it.o ABSOLUTE
    system_stm32f10x.c                       0x00000000   Number         0  system_stm32f10x.o ABSOLUTE
    RESET                                    0x08000000   Section      236  startup_stm32f10x_md.o(RESET)
    !!!main                                  0x080000ec   Section        8  __main.o(!!!main)
    !!!scatter                               0x080000f4   Section       52  __scatter.o(!!!scatter)
    !!dczerorl2                              0x08000128   Section       90  __dczerorl2.o(!!dczerorl2)
    !!handler_zi                             0x08000184   Section       28  __scatter_zi.o(!!handler_zi)
    .ARM.Collect$$libinit$$00000000          0x080001a0   Section        2  libinit.o(.ARM.Collect$$libinit$$00000000)
    .ARM.Collect$$libinit$$00000002          0x080001a2   Section        0  libinit2.o(.ARM.Collect$$libinit$$00000002)
    .ARM.Collect$$libinit$$00000008          0x080001a2   Section        0  libinit2.o(.ARM.Collect$$libinit$$00000008)
    .ARM.Collect$$libinit$$0000000A          0x080001a2   Section        0  libinit2.o(.ARM.Collect$$libinit$$0000000A)
    .ARM.Collect$$libinit$$0000000C          0x080001a2   Section        0  libinit2.o(.ARM.Collect$$libinit$$0000000C)
    .ARM.Collect$$libinit$$0000000F          0x080001a2   Section        0  libinit2.o(.ARM.Collect$$libinit$$0000000F)
    .ARM.Collect$$libinit$$00000011          0x080001a2   Section        0  libinit2.o(.ARM.Collect$$libinit$$00000011)
    .ARM.Collect$$libinit$$00000013          0x080001a2   Section        0  libinit2.o(.ARM.Collect$$libinit$$00000013)
    .ARM.Collect$$libinit$$00000015          0x080001a2   Section        0  libinit2.o(.ARM.Collect$$libinit$$00000015)
    .ARM.Collect$$libinit$$00000017          0x080001a2   Section        0  libinit2.o(.ARM.Collect$$libinit$$00000017)
    .ARM.Collect$$libinit$$00000019          0x080001a2   Section        0  libinit2.o(.ARM.Collect$$libinit$$00000019)
    .ARM.Collect$$libinit$$0000001B          0x080001a2   Section        0  libinit2.o(.ARM.Collect$$libinit$$0000001B)
    .ARM.Collect$$libinit$$0000001D          0x080001a2   Section        0  libinit2.o(.ARM.Collect$$libinit$$0000001D)
    .ARM.Collect$$libinit$$0000001F          0x080001a2   Section        0  libinit2.o(.ARM.Collect$$libinit$$0000001F)
    .ARM.Collect$$libinit$$00000021          0x080001a2   Section        0  libinit2.o(.ARM.Collect$$libinit$$00000021)
    .ARM.Collect$$libinit$$00000023          0x080001a2   Section        0  libinit2.o(.ARM.Collect$$libinit$$00000023)
    .ARM.Collect$$libinit$$0000002A          0x080001a2   Section        0  libinit2.o(.ARM.Collect$$libinit$$0000002A)
    .ARM.Collect$$libinit$$0000002C          0x080001a2   Section        0  libinit2.o(.ARM.Collect$$libinit$$0000002C)
    .ARM.Collect$$libinit$$0000002E          0x080001a2   Section        0  libinit2.o(.ARM.Collect$$libinit$$0000002E)
    .ARM.Collect$$libinit$$00000030          0x080001a2   Section        0  libinit2.o(.ARM.Collect$$libinit$$00000030)
    .ARM.Collect$$libinit$$00000031          0x080001a2   Section        2  libinit2.o(.ARM.Collect$$libinit$$00000031)
    .ARM.Collect$$libshutdown$$00000000      0x080001a4   Section        2  libshutdown.o(.ARM.Collect$$libshutdown$$00000000)
    .ARM.Collect$$libshutdown$$00000003      0x080001a6   Section        0  libshutdown2.o(.ARM.Collect$$libshutdown$$00000003)
    .ARM.Collect$$libshutdown$$00000006      0x080001a6   Section        0  libshutdown2.o(.ARM.Collect$$libshutdown$$00000006)
    .ARM.Collect$$libshutdown$$00000009      0x080001a6   Section        0  libshutdown2.o(.ARM.Collect$$libshutdown$$00000009)
    .ARM.Collect$$libshutdown$$0000000B      0x080001a6   Section        0  libshutdown2.o(.ARM.Collect$$libshutdown$$0000000B)
    .ARM.Collect$$libshutdown$$0000000E      0x080001a6   Section        0  libshutdown2.o(.ARM.Collect$$libshutdown$$0000000E)
    .ARM.Collect$$libshutdown$$0000000F      0x080001a6   Section        2  libshutdown2.o(.ARM.Collect$$libshutdown$$0000000F)
    .ARM.Collect$$rtentry$$00000000          0x080001a8   Section        0  rtentry.o(.ARM.Collect$$rtentry$$00000000)
    .ARM.Collect$$rtentry$$00000002          0x080001a8   Section        0  rtentry2.o(.ARM.Collect$$rtentry$$00000002)
    .ARM.Collect$$rtentry$$00000004          0x080001a8   Section        6  rtentry4.o(.ARM.Collect$$rtentry$$00000004)
    .ARM.Collect$$rtentry$$00000009          0x080001ae   Section        0  rtentry2.o(.ARM.Collect$$rtentry$$00000009)
    .ARM.Collect$$rtentry$$0000000A          0x080001ae   Section        4  rtentry2.o(.ARM.Collect$$rtentry$$0000000A)
    .ARM.Collect$$rtentry$$0000000C          0x080001b2   Section        0  rtentry2.o(.ARM.Collect$$rtentry$$0000000C)
    .ARM.Collect$$rtentry$$0000000D          0x080001b2   Section        8  rtentry2.o(.ARM.Collect$$rtentry$$0000000D)
    .ARM.Collect$$rtexit$$00000000           0x080001ba   Section        2  rtexit.o(.ARM.Collect$$rtexit$$00000000)
    .ARM.Collect$$rtexit$$00000002           0x080001bc   Section        0  rtexit2.o(.ARM.Collect$$rtexit$$00000002)
    .ARM.Collect$$rtexit$$00000003           0x080001bc   Section        4  rtexit2.o(.ARM.Collect$$rtexit$$00000003)
    .ARM.Collect$$rtexit$$00000004           0x080001c0   Section        6  rtexit2.o(.ARM.Collect$$rtexit$$00000004)
    .text                                    0x080001c8   Section        0  main.o(.text)
    .text                                    0x08002350   Section        0  stm32f10x_it.o(.text)
    .text                                    0x0800236c   Section        0  system_stm32f10x.o(.text)
    SetSysClockTo72                          0x0800236d   Thumb Code   212  system_stm32f10x.o(.text)
    SetSysClock                              0x08002441   Thumb Code     8  system_stm32f10x.o(.text)
    .text                                    0x08002548   Section        0  key.o(.text)
    .text                                    0x080025f0   Section        0  timer.o(.text)
    .text                                    0x08002774   Section        0  cr95.o(.text)
    .text                                    0x0800417c   Section        0  spi.o(.text)
    CR95HF_PollingCommand                    0x08004303   Thumb Code    82  spi.o(.text)
    CR95HF_Send_SPI_Command                  0x08004355   Thumb Code    66  spi.o(.text)
    .text                                    0x080043d8   Section        0  flash.o(.text)
    .text                                    0x08004600   Section        0  lcd.o(.text)
    .text                                    0x08004ca4   Section        0  delay.o(.text)
    .text                                    0x08004d4c   Section        0  sys.o(.text)
    .text                                    0x08004d58   Section        0  usart.o(.text)
    .text                                    0x08005450   Section       64  startup_stm32f10x_md.o(.text)
    .text                                    0x08005490   Section        0  misc.o(.text)
    .text                                    0x0800556c   Section        0  stm32f10x_gpio.o(.text)
    .text                                    0x080058c4   Section        0  stm32f10x_rcc.o(.text)
    .text                                    0x08005c68   Section        0  stm32f10x_spi.o(.text)
    .text                                    0x08005f74   Section        0  stm32f10x_tim.o(.text)
    TI4_Config                               0x0800641b   Thumb Code   130  stm32f10x_tim.o(.text)
    TI3_Config                               0x080064af   Thumb Code   122  stm32f10x_tim.o(.text)
    TI2_Config                               0x08006543   Thumb Code   130  stm32f10x_tim.o(.text)
    TI1_Config                               0x080065d7   Thumb Code   108  stm32f10x_tim.o(.text)
    .text                                    0x08006d90   Section        0  stm32f10x_usart.o(.text)
    .text                                    0x08007198   Section        2  use_no_semi_2.o(.text)
    .text                                    0x0800719a   Section        0  heapauxi.o(.text)
    .text                                    0x080071a0   Section        2  use_no_semi.o(.text)
    .text                                    0x080071a2   Section       74  sys_stackheap_outer.o(.text)
    .text                                    0x080071ec   Section        0  exit.o(.text)
    .text                                    0x080071f8   Section        8  libspace.o(.text)
    .data                                    0x20000000   Section     1350  main.o(.data)
    .data                                    0x20000548   Section       20  system_stm32f10x.o(.data)
    .data                                    0x2000055c   Section        1  key.o(.data)
    key_up                                   0x2000055c   Data           1  key.o(.data)
    .data                                    0x2000055e   Section        2  timer.o(.data)
    counter_delay_ms                         0x2000055e   Data           2  timer.o(.data)
    .data                                    0x20000560   Section        6  cr95.o(.data)
    .data                                    0x20000566   Section        1  spi.o(.data)
    .data                                    0x20000568   Section        4  delay.o(.data)
    fac_us                                   0x20000568   Data           1  delay.o(.data)
    fac_ms                                   0x2000056a   Data           2  delay.o(.data)
    .data                                    0x2000056c   Section       24  usart.o(.data)
    .data                                    0x20000584   Section       20  stm32f10x_rcc.o(.data)
    APBAHBPrescTable                         0x20000584   Data          16  stm32f10x_rcc.o(.data)
    ADCPrescTable                            0x20000594   Data           4  stm32f10x_rcc.o(.data)
    .bss                                     0x20000598   Section      549  main.o(.bss)
    .bss                                     0x200007c0   Section       96  libspace.o(.bss)
    HEAP                                     0x20000820   Section      512  startup_stm32f10x_md.o(HEAP)
    Heap_Mem                                 0x20000820   Data         512  startup_stm32f10x_md.o(HEAP)
    STACK                                    0x20000a20   Section     1024  startup_stm32f10x_md.o(STACK)
    Stack_Mem                                0x20000a20   Data        1024  startup_stm32f10x_md.o(STACK)
    __initial_sp                             0x20000e20   Data           0  startup_stm32f10x_md.o(STACK)

    Global Symbols

    Symbol Name                              Value     Ov Type        Size  Object(Section)

    BuildAttributes$$THM_ISAv4$P$D$K$B$S$PE$A:L22UL41UL21$X:L11$S22US41US21$IEEE1$IW$USESV6$~STKCKD$USESV7$~SHL$OSPACE$ROPI$EBA8$UX$STANDARDLIB$REQ8$PRES8$EABIv2 0x00000000   Number         0  anon$$obj.o ABSOLUTE
    __ARM_use_no_argv                        0x00000000   Number         0  main.o ABSOLUTE
    __ARM_exceptions_init                     - Undefined Weak Reference
    __alloca_initialize                       - Undefined Weak Reference
    __cpp_initialize__aeabi_                  - Undefined Weak Reference
    __cxa_finalize                            - Undefined Weak Reference
    __rt_locale                               - Undefined Weak Reference
    __sigvec_lookup                           - Undefined Weak Reference
    _atexit_init                              - Undefined Weak Reference
    _call_atexit_fns                          - Undefined Weak Reference
    _clock_init                               - Undefined Weak Reference
    _fp_trap_init                             - Undefined Weak Reference
    _fp_trap_shutdown                         - Undefined Weak Reference
    _get_lc_collate                           - Undefined Weak Reference
    _get_lc_ctype                             - Undefined Weak Reference
    _get_lc_monetary                          - Undefined Weak Reference
    _get_lc_numeric                           - Undefined Weak Reference
    _get_lc_time                              - Undefined Weak Reference
    _getenv_init                              - Undefined Weak Reference
    _handle_redirection                       - Undefined Weak Reference
    _init_alloc                               - Undefined Weak Reference
    _init_user_alloc                          - Undefined Weak Reference
    _initio                                   - Undefined Weak Reference
    _rand_init                                - Undefined Weak Reference
    _signal_finish                            - Undefined Weak Reference
    _signal_init                              - Undefined Weak Reference
    _terminate_alloc                          - Undefined Weak Reference
    _terminate_user_alloc                     - Undefined Weak Reference
    _terminateio                              - Undefined Weak Reference
    __Vectors_Size                           0x000000ec   Number         0  startup_stm32f10x_md.o ABSOLUTE
    __Vectors                                0x08000000   Data           4  startup_stm32f10x_md.o(RESET)
    __Vectors_End                            0x080000ec   Data           0  startup_stm32f10x_md.o(RESET)
    __main                                   0x080000ed   Thumb Code     8  __main.o(!!!main)
    __scatterload                            0x080000f5   Thumb Code     0  __scatter.o(!!!scatter)
    __scatterload_rt2                        0x080000f5   Thumb Code    44  __scatter.o(!!!scatter)
    __scatterload_rt2_thumb_only             0x080000f5   Thumb Code     0  __scatter.o(!!!scatter)
    __scatterload_null                       0x08000103   Thumb Code     0  __scatter.o(!!!scatter)
    __decompress                             0x08000129   Thumb Code    90  __dczerorl2.o(!!dczerorl2)
    __decompress1                            0x08000129   Thumb Code     0  __dczerorl2.o(!!dczerorl2)
    __scatterload_zeroinit                   0x08000185   Thumb Code    28  __scatter_zi.o(!!handler_zi)
    __rt_lib_init                            0x080001a1   Thumb Code     0  libinit.o(.ARM.Collect$$libinit$$00000000)
    __rt_lib_init_alloca_1                   0x080001a3   Thumb Code     0  libinit2.o(.ARM.Collect$$libinit$$0000002C)
    __rt_lib_init_argv_1                     0x080001a3   Thumb Code     0  libinit2.o(.ARM.Collect$$libinit$$0000002A)
    __rt_lib_init_atexit_1                   0x080001a3   Thumb Code     0  libinit2.o(.ARM.Collect$$libinit$$00000019)
    __rt_lib_init_clock_1                    0x080001a3   Thumb Code     0  libinit2.o(.ARM.Collect$$libinit$$0000001F)
    __rt_lib_init_cpp_1                      0x080001a3   Thumb Code     0  libinit2.o(.ARM.Collect$$libinit$$00000030)
    __rt_lib_init_exceptions_1               0x080001a3   Thumb Code     0  libinit2.o(.ARM.Collect$$libinit$$0000002E)
    __rt_lib_init_fp_1                       0x080001a3   Thumb Code     0  libinit2.o(.ARM.Collect$$libinit$$00000002)
    __rt_lib_init_fp_trap_1                  0x080001a3   Thumb Code     0  libinit2.o(.ARM.Collect$$libinit$$0000001D)
    __rt_lib_init_getenv_1                   0x080001a3   Thumb Code     0  libinit2.o(.ARM.Collect$$libinit$$00000021)
    __rt_lib_init_heap_1                     0x080001a3   Thumb Code     0  libinit2.o(.ARM.Collect$$libinit$$00000008)
    __rt_lib_init_lc_collate_1               0x080001a3   Thumb Code     0  libinit2.o(.ARM.Collect$$libinit$$0000000F)
    __rt_lib_init_lc_ctype_1                 0x080001a3   Thumb Code     0  libinit2.o(.ARM.Collect$$libinit$$00000011)
    __rt_lib_init_lc_monetary_1              0x080001a3   Thumb Code     0  libinit2.o(.ARM.Collect$$libinit$$00000013)
    __rt_lib_init_lc_numeric_1               0x080001a3   Thumb Code     0  libinit2.o(.ARM.Collect$$libinit$$00000015)
    __rt_lib_init_lc_time_1                  0x080001a3   Thumb Code     0  libinit2.o(.ARM.Collect$$libinit$$00000017)
    __rt_lib_init_rand_1                     0x080001a3   Thumb Code     0  libinit2.o(.ARM.Collect$$libinit$$0000000C)
    __rt_lib_init_return                     0x080001a3   Thumb Code     0  libinit2.o(.ARM.Collect$$libinit$$00000031)
    __rt_lib_init_signal_1                   0x080001a3   Thumb Code     0  libinit2.o(.ARM.Collect$$libinit$$0000001B)
    __rt_lib_init_stdio_1                    0x080001a3   Thumb Code     0  libinit2.o(.ARM.Collect$$libinit$$00000023)
    __rt_lib_init_user_alloc_1               0x080001a3   Thumb Code     0  libinit2.o(.ARM.Collect$$libinit$$0000000A)
    __rt_lib_shutdown                        0x080001a5   Thumb Code     0  libshutdown.o(.ARM.Collect$$libshutdown$$00000000)
    __rt_lib_shutdown_fp_trap_1              0x080001a7   Thumb Code     0  libshutdown2.o(.ARM.Collect$$libshutdown$$00000006)
    __rt_lib_shutdown_heap_1                 0x080001a7   Thumb Code     0  libshutdown2.o(.ARM.Collect$$libshutdown$$0000000E)
    __rt_lib_shutdown_return                 0x080001a7   Thumb Code     0  libshutdown2.o(.ARM.Collect$$libshutdown$$0000000F)
    __rt_lib_shutdown_signal_1               0x080001a7   Thumb Code     0  libshutdown2.o(.ARM.Collect$$libshutdown$$00000009)
    __rt_lib_shutdown_stdio_1                0x080001a7   Thumb Code     0  libshutdown2.o(.ARM.Collect$$libshutdown$$00000003)
    __rt_lib_shutdown_user_alloc_1           0x080001a7   Thumb Code     0  libshutdown2.o(.ARM.Collect$$libshutdown$$0000000B)
    __rt_entry                               0x080001a9   Thumb Code     0  rtentry.o(.ARM.Collect$$rtentry$$00000000)
    __rt_entry_presh_1                       0x080001a9   Thumb Code     0  rtentry2.o(.ARM.Collect$$rtentry$$00000002)
    __rt_entry_sh                            0x080001a9   Thumb Code     0  rtentry4.o(.ARM.Collect$$rtentry$$00000004)
    __rt_entry_li                            0x080001af   Thumb Code     0  rtentry2.o(.ARM.Collect$$rtentry$$0000000A)
    __rt_entry_postsh_1                      0x080001af   Thumb Code     0  rtentry2.o(.ARM.Collect$$rtentry$$00000009)
    __rt_entry_main                          0x080001b3   Thumb Code     0  rtentry2.o(.ARM.Collect$$rtentry$$0000000D)
    __rt_entry_postli_1                      0x080001b3   Thumb Code     0  rtentry2.o(.ARM.Collect$$rtentry$$0000000C)
    __rt_exit                                0x080001bb   Thumb Code     0  rtexit.o(.ARM.Collect$$rtexit$$00000000)
    __rt_exit_ls                             0x080001bd   Thumb Code     0  rtexit2.o(.ARM.Collect$$rtexit$$00000003)
    __rt_exit_prels_1                        0x080001bd   Thumb Code     0  rtexit2.o(.ARM.Collect$$rtexit$$00000002)
    __rt_exit_exit                           0x080001c1   Thumb Code     0  rtexit2.o(.ARM.Collect$$rtexit$$00000004)
    main                                     0x080001c9   Thumb Code  8292  main.o(.text)
    NMI_Handler                              0x08002351   Thumb Code     2  stm32f10x_it.o(.text)
    HardFault_Handler                        0x08002353   Thumb Code     4  stm32f10x_it.o(.text)
    MemManage_Handler                        0x08002357   Thumb Code     4  stm32f10x_it.o(.text)
    BusFault_Handler                         0x0800235b   Thumb Code     4  stm32f10x_it.o(.text)
    UsageFault_Handler                       0x0800235f   Thumb Code     4  stm32f10x_it.o(.text)
    SVC_Handler                              0x08002363   Thumb Code     2  stm32f10x_it.o(.text)
    DebugMon_Handler                         0x08002365   Thumb Code     2  stm32f10x_it.o(.text)
    PendSV_Handler                           0x08002367   Thumb Code     2  stm32f10x_it.o(.text)
    SysTick_Handler                          0x08002369   Thumb Code     2  stm32f10x_it.o(.text)
    SystemInit                               0x08002449   Thumb Code    78  system_stm32f10x.o(.text)
    SystemCoreClockUpdate                    0x08002497   Thumb Code   142  system_stm32f10x.o(.text)
    KEY_Init                                 0x08002549   Thumb Code    34  key.o(.text)
    KEY_Scan                                 0x0800256b   Thumb Code   112  key.o(.text)
    StartTimeOut                             0x080025f1   Thumb Code    36  timer.o(.text)
    StopTimeOut                              0x08002615   Thumb Code    12  timer.o(.text)
    Timer_Config                             0x08002621   Thumb Code   148  timer.o(.text)
    Timer_Interrupts_Config                  0x080026b5   Thumb Code    68  timer.o(.text)
    delayHighPriority_ms                     0x080026f9   Thumb Code   108  timer.o(.text)
    InitCR95HFConfigStructure                0x08002775   Thumb Code    18  cr95.o(.text)
    SPI_CR95HF_Init                          0x08002787   Thumb Code   168  cr95.o(.text)
    User_SerialInterfaceInitilisation        0x0800282f   Thumb Code     8  cr95.o(.text)
    CR95HF_SendComand                        0x08002837   Thumb Code    50  cr95.o(.text)
    CR95HF_SendCommandBuff                   0x08002869   Thumb Code    68  cr95.o(.text)
    CR95HF_Poll                              0x080028ad   Thumb Code   120  cr95.o(.text)
    CR95HF_ReadData                          0x08002925   Thumb Code    84  cr95.o(.text)
    CR95HF_PORsequence                       0x08002979   Thumb Code   210  cr95.o(.text)
    CR95HF_ReadIDN                           0x08002a4b   Thumb Code  1132  cr95.o(.text)
    CR95HF_Send_IRQIN_NegativePulse          0x08002eb7   Thumb Code    40  cr95.o(.text)
    CR95HF_Echo                              0x08002edf   Thumb Code    52  cr95.o(.text)
    CR95HF_IsReaderResultCodeOk              0x08002f13   Thumb Code   242  cr95.o(.text)
    SpyTransaction                           0x08003005   Thumb Code    40  cr95.o(.text)
    CR95HF_Send_SPI_ResetSequence            0x0800302d   Thumb Code    44  cr95.o(.text)
    CR95HF_SET_PROTOCOL_15693                0x08003059   Thumb Code   758  cr95.o(.text)
    M24XX_ReadSingleBlock                    0x0800334f   Thumb Code  1768  cr95.o(.text)
    M24XX_ReadIDN                            0x08003a37   Thumb Code  1648  cr95.o(.text)
    SPI_Two_Init                             0x0800417d   Thumb Code   194  spi.o(.text)
    SPI_SendReceiveByte                      0x0800423f   Thumb Code    52  spi.o(.text)
    SPI_SendReceiveBuffer                    0x08004273   Thumb Code    50  spi.o(.text)
    CR95HF_Receive_SPI_Response              0x080042a5   Thumb Code    94  spi.o(.text)
    SPI_SendReceive                          0x08004397   Thumb Code    52  spi.o(.text)
    SPI_FLASH_Init                           0x080043d9   Thumb Code   168  flash.o(.text)
    FLASH_SendByte                           0x08004481   Thumb Code    14  flash.o(.text)
    SPI_Flash_ReadSR                         0x0800448f   Thumb Code    38  flash.o(.text)
    Flash_Wait_Busy                          0x080044b5   Thumb Code    16  flash.o(.text)
    FLASH_Read_ID                            0x080044c5   Thumb Code    78  flash.o(.text)
    FLASH_Write_En                           0x08004513   Thumb Code    26  flash.o(.text)
    Flash_Format                             0x0800452d   Thumb Code    38  flash.o(.text)
    Flash_Write_Page                         0x08004553   Thumb Code    86  flash.o(.text)
    Flash_Read                               0x080045a9   Thumb Code    80  flash.o(.text)
    LCD12864_GPIO_Config                     0x08004601   Thumb Code    86  lcd.o(.text)
    transfer_command_lcd                     0x08004657   Thumb Code   100  lcd.o(.text)
    initial_lcd                              0x080046bb   Thumb Code   136  lcd.o(.text)
    transfer_data_lcd                        0x08004743   Thumb Code   102  lcd.o(.text)
    lcd_address                              0x080047a9   Thumb Code    38  lcd.o(.text)
    clear_screen                             0x080047cf   Thumb Code    54  lcd.o(.text)
    display_graphic_16x16                    0x08004805   Thumb Code    56  lcd.o(.text)
    display_graphic_16x16_page               0x0800483d   Thumb Code   378  lcd.o(.text)
    display_Error                            0x080049b7   Thumb Code    38  lcd.o(.text)
    display_Right                            0x080049dd   Thumb Code    52  lcd.o(.text)
    display_menu                             0x08004a11   Thumb Code   580  lcd.o(.text)
    delay_init                               0x08004ca5   Thumb Code    52  delay.o(.text)
    delay_ms                                 0x08004cd9   Thumb Code    54  delay.o(.text)
    delay_us                                 0x08004d0f   Thumb Code    54  delay.o(.text)
    NVIC_Configuration                       0x08004d4d   Thumb Code    12  sys.o(.text)
    _sys_exit                                0x08004d59   Thumb Code     6  usart.o(.text)
    fputc                                    0x08004d5f   Thumb Code    22  usart.o(.text)
    UART2PC_Init                             0x08004d75   Thumb Code   152  usart.o(.text)
    UART2CR95_Init                           0x08004e0d   Thumb Code   160  usart.o(.text)
    uart3_init                               0x08004ead   Thumb Code    34  usart.o(.text)
    UART_SendByte                            0x08004ecf   Thumb Code    30  usart.o(.text)
    UART_ReceiveByte                         0x08004eed   Thumb Code    46  usart.o(.text)
    UART_SendBuffer                          0x08004f1b   Thumb Code    34  usart.o(.text)
    UART_ReceiveBuffer                       0x08004f3d   Thumb Code    34  usart.o(.text)
    Prints                                   0x08004f5f   Thumb Code    26  usart.o(.text)
    PrintShortIntHex                         0x08004f79   Thumb Code    56  usart.o(.text)
    PrintLongInt                             0x08004fb1   Thumb Code    80  usart.o(.text)
    PrintHex                                 0x08005001   Thumb Code    60  usart.o(.text)
    USART_KFB_Write                          0x0800503d   Thumb Code   100  usart.o(.text)
    USART_KFB_Read                           0x080050a1   Thumb Code    82  usart.o(.text)
    USART1_IRQHandler                        0x080050f3   Thumb Code   516  usart.o(.text)
    USART2_IRQHandler                        0x080052f7   Thumb Code   184  usart.o(.text)
    USART3_IRQHandler                        0x080053af   Thumb Code    14  usart.o(.text)
    Reset_Handler                            0x08005451   Thumb Code     8  startup_stm32f10x_md.o(.text)
    ADC1_2_IRQHandler                        0x0800546b   Thumb Code     0  startup_stm32f10x_md.o(.text)
    CAN1_RX1_IRQHandler                      0x0800546b   Thumb Code     0  startup_stm32f10x_md.o(.text)
    CAN1_SCE_IRQHandler                      0x0800546b   Thumb Code     0  startup_stm32f10x_md.o(.text)
    DMA1_Channel1_IRQHandler                 0x0800546b   Thumb Code     0  startup_stm32f10x_md.o(.text)
    DMA1_Channel2_IRQHandler                 0x0800546b   Thumb Code     0  startup_stm32f10x_md.o(.text)
    DMA1_Channel3_IRQHandler                 0x0800546b   Thumb Code     0  startup_stm32f10x_md.o(.text)
    DMA1_Channel4_IRQHandler                 0x0800546b   Thumb Code     0  startup_stm32f10x_md.o(.text)
    DMA1_Channel5_IRQHandler                 0x0800546b   Thumb Code     0  startup_stm32f10x_md.o(.text)
    DMA1_Channel6_IRQHandler                 0x0800546b   Thumb Code     0  startup_stm32f10x_md.o(.text)
    DMA1_Channel7_IRQHandler                 0x0800546b   Thumb Code     0  startup_stm32f10x_md.o(.text)
    EXTI0_IRQHandler                         0x0800546b   Thumb Code     0  startup_stm32f10x_md.o(.text)
    EXTI15_10_IRQHandler                     0x0800546b   Thumb Code     0  startup_stm32f10x_md.o(.text)
    EXTI1_IRQHandler                         0x0800546b   Thumb Code     0  startup_stm32f10x_md.o(.text)
    EXTI2_IRQHandler                         0x0800546b   Thumb Code     0  startup_stm32f10x_md.o(.text)
    EXTI3_IRQHandler                         0x0800546b   Thumb Code     0  startup_stm32f10x_md.o(.text)
    EXTI4_IRQHandler                         0x0800546b   Thumb Code     0  startup_stm32f10x_md.o(.text)
    EXTI9_5_IRQHandler                       0x0800546b   Thumb Code     0  startup_stm32f10x_md.o(.text)
    FLASH_IRQHandler                         0x0800546b   Thumb Code     0  startup_stm32f10x_md.o(.text)
    I2C1_ER_IRQHandler                       0x0800546b   Thumb Code     0  startup_stm32f10x_md.o(.text)
    I2C1_EV_IRQHandler                       0x0800546b   Thumb Code     0  startup_stm32f10x_md.o(.text)
    I2C2_ER_IRQHandler                       0x0800546b   Thumb Code     0  startup_stm32f10x_md.o(.text)
    I2C2_EV_IRQHandler                       0x0800546b   Thumb Code     0  startup_stm32f10x_md.o(.text)
    PVD_IRQHandler                           0x0800546b   Thumb Code     0  startup_stm32f10x_md.o(.text)
    RCC_IRQHandler                           0x0800546b   Thumb Code     0  startup_stm32f10x_md.o(.text)
    RTCAlarm_IRQHandler                      0x0800546b   Thumb Code     0  startup_stm32f10x_md.o(.text)
    RTC_IRQHandler                           0x0800546b   Thumb Code     0  startup_stm32f10x_md.o(.text)
    SPI1_IRQHandler                          0x0800546b   Thumb Code     0  startup_stm32f10x_md.o(.text)
    SPI2_IRQHandler                          0x0800546b   Thumb Code     0  startup_stm32f10x_md.o(.text)
    TAMPER_IRQHandler                        0x0800546b   Thumb Code     0  startup_stm32f10x_md.o(.text)
    TIM1_BRK_IRQHandler                      0x0800546b   Thumb Code     0  startup_stm32f10x_md.o(.text)
    TIM1_CC_IRQHandler                       0x0800546b   Thumb Code     0  startup_stm32f10x_md.o(.text)
    TIM1_TRG_COM_IRQHandler                  0x0800546b   Thumb Code     0  startup_stm32f10x_md.o(.text)
    TIM1_UP_IRQHandler                       0x0800546b   Thumb Code     0  startup_stm32f10x_md.o(.text)
    TIM2_IRQHandler                          0x0800546b   Thumb Code     0  startup_stm32f10x_md.o(.text)
    TIM3_IRQHandler                          0x0800546b   Thumb Code     0  startup_stm32f10x_md.o(.text)
    TIM4_IRQHandler                          0x0800546b   Thumb Code     0  startup_stm32f10x_md.o(.text)
    USBWakeUp_IRQHandler                     0x0800546b   Thumb Code     0  startup_stm32f10x_md.o(.text)
    USB_HP_CAN1_TX_IRQHandler                0x0800546b   Thumb Code     0  startup_stm32f10x_md.o(.text)
    USB_LP_CAN1_RX0_IRQHandler               0x0800546b   Thumb Code     0  startup_stm32f10x_md.o(.text)
    WWDG_IRQHandler                          0x0800546b   Thumb Code     0  startup_stm32f10x_md.o(.text)
    __user_initial_stackheap                 0x0800546d   Thumb Code     0  startup_stm32f10x_md.o(.text)
    NVIC_PriorityGroupConfig                 0x08005491   Thumb Code    10  misc.o(.text)
    NVIC_Init                                0x0800549b   Thumb Code   102  misc.o(.text)
    NVIC_SetVectorTable                      0x08005501   Thumb Code    14  misc.o(.text)
    NVIC_SystemLPConfig                      0x0800550f   Thumb Code    34  misc.o(.text)
    SysTick_CLKSourceConfig                  0x08005531   Thumb Code    40  misc.o(.text)
    GPIO_DeInit                              0x0800556d   Thumb Code   172  stm32f10x_gpio.o(.text)
    GPIO_AFIODeInit                          0x08005619   Thumb Code    20  stm32f10x_gpio.o(.text)
    GPIO_Init                                0x0800562d   Thumb Code   274  stm32f10x_gpio.o(.text)
    GPIO_StructInit                          0x0800573f   Thumb Code    16  stm32f10x_gpio.o(.text)
    GPIO_ReadInputDataBit                    0x0800574f   Thumb Code    18  stm32f10x_gpio.o(.text)
    GPIO_ReadInputData                       0x08005761   Thumb Code     8  stm32f10x_gpio.o(.text)
    GPIO_ReadOutputDataBit                   0x08005769   Thumb Code    18  stm32f10x_gpio.o(.text)
    GPIO_ReadOutputData                      0x0800577b   Thumb Code     8  stm32f10x_gpio.o(.text)
    GPIO_SetBits                             0x08005783   Thumb Code     4  stm32f10x_gpio.o(.text)
    GPIO_ResetBits                           0x08005787   Thumb Code     4  stm32f10x_gpio.o(.text)
    GPIO_WriteBit                            0x0800578b   Thumb Code    10  stm32f10x_gpio.o(.text)
    GPIO_Write                               0x08005795   Thumb Code     4  stm32f10x_gpio.o(.text)
    GPIO_PinLockConfig                       0x08005799   Thumb Code    18  stm32f10x_gpio.o(.text)
    GPIO_EventOutputConfig                   0x080057ab   Thumb Code    26  stm32f10x_gpio.o(.text)
    GPIO_EventOutputCmd                      0x080057c5   Thumb Code     6  stm32f10x_gpio.o(.text)
    GPIO_PinRemapConfig                      0x080057cb   Thumb Code   138  stm32f10x_gpio.o(.text)
    GPIO_EXTILineConfig                      0x08005855   Thumb Code    66  stm32f10x_gpio.o(.text)
    GPIO_ETH_MediaInterfaceConfig            0x08005897   Thumb Code     6  stm32f10x_gpio.o(.text)
    RCC_DeInit                               0x080058c5   Thumb Code    64  stm32f10x_rcc.o(.text)
    RCC_HSEConfig                            0x08005905   Thumb Code    70  stm32f10x_rcc.o(.text)
    RCC_GetFlagStatus                        0x0800594b   Thumb Code    56  stm32f10x_rcc.o(.text)
    RCC_WaitForHSEStartUp                    0x08005983   Thumb Code    56  stm32f10x_rcc.o(.text)
    RCC_AdjustHSICalibrationValue            0x080059bb   Thumb Code    20  stm32f10x_rcc.o(.text)
    RCC_HSICmd                               0x080059cf   Thumb Code     6  stm32f10x_rcc.o(.text)
    RCC_PLLConfig                            0x080059d5   Thumb Code    24  stm32f10x_rcc.o(.text)
    RCC_PLLCmd                               0x080059ed   Thumb Code     6  stm32f10x_rcc.o(.text)
    RCC_SYSCLKConfig                         0x080059f3   Thumb Code    18  stm32f10x_rcc.o(.text)
    RCC_GetSYSCLKSource                      0x08005a05   Thumb Code    10  stm32f10x_rcc.o(.text)
    RCC_HCLKConfig                           0x08005a0f   Thumb Code    18  stm32f10x_rcc.o(.text)
    RCC_PCLK1Config                          0x08005a21   Thumb Code    18  stm32f10x_rcc.o(.text)
    RCC_PCLK2Config                          0x08005a33   Thumb Code    20  stm32f10x_rcc.o(.text)
    RCC_ITConfig                             0x08005a47   Thumb Code    26  stm32f10x_rcc.o(.text)
    RCC_USBCLKConfig                         0x08005a61   Thumb Code     6  stm32f10x_rcc.o(.text)
    RCC_ADCCLKConfig                         0x08005a67   Thumb Code    18  stm32f10x_rcc.o(.text)
    RCC_LSEConfig                            0x08005a79   Thumb Code    44  stm32f10x_rcc.o(.text)
    RCC_LSICmd                               0x08005aa5   Thumb Code     6  stm32f10x_rcc.o(.text)
    RCC_RTCCLKConfig                         0x08005aab   Thumb Code    12  stm32f10x_rcc.o(.text)
    RCC_RTCCLKCmd                            0x08005ab7   Thumb Code     8  stm32f10x_rcc.o(.text)
    RCC_GetClocksFreq                        0x08005abf   Thumb Code   192  stm32f10x_rcc.o(.text)
    RCC_AHBPeriphClockCmd                    0x08005b7f   Thumb Code    26  stm32f10x_rcc.o(.text)
    RCC_APB2PeriphClockCmd                   0x08005b99   Thumb Code    26  stm32f10x_rcc.o(.text)
    RCC_APB1PeriphClockCmd                   0x08005bb3   Thumb Code    26  stm32f10x_rcc.o(.text)
    RCC_APB2PeriphResetCmd                   0x08005bcd   Thumb Code    26  stm32f10x_rcc.o(.text)
    RCC_APB1PeriphResetCmd                   0x08005be7   Thumb Code    26  stm32f10x_rcc.o(.text)
    RCC_BackupResetCmd                       0x08005c01   Thumb Code     8  stm32f10x_rcc.o(.text)
    RCC_ClockSecuritySystemCmd               0x08005c09   Thumb Code     6  stm32f10x_rcc.o(.text)
    RCC_MCOConfig                            0x08005c0f   Thumb Code     6  stm32f10x_rcc.o(.text)
    RCC_ClearFlag                            0x08005c15   Thumb Code    14  stm32f10x_rcc.o(.text)
    RCC_GetITStatus                          0x08005c23   Thumb Code    20  stm32f10x_rcc.o(.text)
    RCC_ClearITPendingBit                    0x08005c37   Thumb Code     6  stm32f10x_rcc.o(.text)
    SPI_I2S_DeInit                           0x08005c69   Thumb Code    76  stm32f10x_spi.o(.text)
    SPI_Init                                 0x08005cb5   Thumb Code    60  stm32f10x_spi.o(.text)
    I2S_Init                                 0x08005cf1   Thumb Code   226  stm32f10x_spi.o(.text)
    SPI_StructInit                           0x08005dd3   Thumb Code    24  stm32f10x_spi.o(.text)
    I2S_StructInit                           0x08005deb   Thumb Code    20  stm32f10x_spi.o(.text)
    SPI_Cmd                                  0x08005dff   Thumb Code    24  stm32f10x_spi.o(.text)
    I2S_Cmd                                  0x08005e17   Thumb Code    24  stm32f10x_spi.o(.text)
    SPI_I2S_ITConfig                         0x08005e2f   Thumb Code    32  stm32f10x_spi.o(.text)
    SPI_I2S_DMACmd                           0x08005e4f   Thumb Code    18  stm32f10x_spi.o(.text)
    SPI_I2S_SendData                         0x08005e61   Thumb Code     4  stm32f10x_spi.o(.text)
    SPI_I2S_ReceiveData                      0x08005e65   Thumb Code     6  stm32f10x_spi.o(.text)
    SPI_NSSInternalSoftwareConfig            0x08005e6b   Thumb Code    30  stm32f10x_spi.o(.text)
    SPI_SSOutputCmd                          0x08005e89   Thumb Code    24  stm32f10x_spi.o(.text)
    SPI_DataSizeConfig                       0x08005ea1   Thumb Code    18  stm32f10x_spi.o(.text)
    SPI_TransmitCRC                          0x08005eb3   Thumb Code    10  stm32f10x_spi.o(.text)
    SPI_CalculateCRC                         0x08005ebd   Thumb Code    24  stm32f10x_spi.o(.text)
    SPI_GetCRC                               0x08005ed5   Thumb Code    16  stm32f10x_spi.o(.text)
    SPI_GetCRCPolynomial                     0x08005ee5   Thumb Code     6  stm32f10x_spi.o(.text)
    SPI_BiDirectionalLineConfig              0x08005eeb   Thumb Code    28  stm32f10x_spi.o(.text)
    SPI_I2S_GetFlagStatus                    0x08005f07   Thumb Code    18  stm32f10x_spi.o(.text)
    SPI_I2S_ClearFlag                        0x08005f19   Thumb Code     6  stm32f10x_spi.o(.text)
    SPI_I2S_GetITStatus                      0x08005f1f   Thumb Code    52  stm32f10x_spi.o(.text)
    SPI_I2S_ClearITPendingBit                0x08005f53   Thumb Code    20  stm32f10x_spi.o(.text)
    TIM_DeInit                               0x08005f75   Thumb Code   424  stm32f10x_tim.o(.text)
    TIM_TimeBaseInit                         0x0800611d   Thumb Code   122  stm32f10x_tim.o(.text)
    TIM_OC1Init                              0x08006197   Thumb Code   132  stm32f10x_tim.o(.text)
    TIM_OC2Init                              0x0800621b   Thumb Code   154  stm32f10x_tim.o(.text)
    TIM_OC3Init                              0x080062b5   Thumb Code   150  stm32f10x_tim.o(.text)
    TIM_OC4Init                              0x0800634b   Thumb Code   182  stm32f10x_tim.o(.text)
    TIM_SetIC4Prescaler                      0x08006401   Thumb Code    26  stm32f10x_tim.o(.text)
    TIM_SetIC3Prescaler                      0x0800649d   Thumb Code    18  stm32f10x_tim.o(.text)
    TIM_SetIC2Prescaler                      0x08006529   Thumb Code    26  stm32f10x_tim.o(.text)
    TIM_SetIC1Prescaler                      0x080065c5   Thumb Code    18  stm32f10x_tim.o(.text)
    TIM_ICInit                               0x08006643   Thumb Code   150  stm32f10x_tim.o(.text)
    TIM_PWMIConfig                           0x080066d9   Thumb Code   124  stm32f10x_tim.o(.text)
    TIM_BDTRConfig                           0x08006755   Thumb Code    32  stm32f10x_tim.o(.text)
    TIM_TimeBaseStructInit                   0x08006775   Thumb Code    18  stm32f10x_tim.o(.text)
    TIM_OCStructInit                         0x08006787   Thumb Code    20  stm32f10x_tim.o(.text)
    TIM_ICStructInit                         0x0800679b   Thumb Code    18  stm32f10x_tim.o(.text)
    TIM_BDTRStructInit                       0x080067ad   Thumb Code    40  stm32f10x_tim.o(.text)
    TIM_Cmd                                  0x080067d5   Thumb Code    24  stm32f10x_tim.o(.text)
    TIM_CtrlPWMOutputs                       0x080067ed   Thumb Code    30  stm32f10x_tim.o(.text)
    TIM_ITConfig                             0x0800680b   Thumb Code    18  stm32f10x_tim.o(.text)
    TIM_GenerateEvent                        0x0800681d   Thumb Code     4  stm32f10x_tim.o(.text)
    TIM_DMAConfig                            0x08006821   Thumb Code    10  stm32f10x_tim.o(.text)
    TIM_DMACmd                               0x0800682b   Thumb Code    18  stm32f10x_tim.o(.text)
    TIM_InternalClockConfig                  0x0800683d   Thumb Code    12  stm32f10x_tim.o(.text)
    TIM_SelectInputTrigger                   0x08006849   Thumb Code    18  stm32f10x_tim.o(.text)
    TIM_ITRxExternalClockConfig              0x0800685b   Thumb Code    24  stm32f10x_tim.o(.text)
    TIM_TIxExternalClockConfig               0x08006873   Thumb Code    62  stm32f10x_tim.o(.text)
    TIM_ETRConfig                            0x080068b1   Thumb Code    28  stm32f10x_tim.o(.text)
    TIM_ETRClockMode1Config                  0x080068cd   Thumb Code    54  stm32f10x_tim.o(.text)
    TIM_ETRClockMode2Config                  0x08006903   Thumb Code    32  stm32f10x_tim.o(.text)
    TIM_PrescalerConfig                      0x08006923   Thumb Code     6  stm32f10x_tim.o(.text)
    TIM_CounterModeConfig                    0x08006929   Thumb Code    18  stm32f10x_tim.o(.text)
    TIM_EncoderInterfaceConfig               0x0800693b   Thumb Code    66  stm32f10x_tim.o(.text)
    TIM_ForcedOC1Config                      0x0800697d   Thumb Code    18  stm32f10x_tim.o(.text)
    TIM_ForcedOC2Config                      0x0800698f   Thumb Code    26  stm32f10x_tim.o(.text)
    TIM_ForcedOC3Config                      0x080069a9   Thumb Code    18  stm32f10x_tim.o(.text)
    TIM_ForcedOC4Config                      0x080069bb   Thumb Code    26  stm32f10x_tim.o(.text)
    TIM_ARRPreloadConfig                     0x080069d5   Thumb Code    24  stm32f10x_tim.o(.text)
    TIM_SelectCOM                            0x080069ed   Thumb Code    24  stm32f10x_tim.o(.text)
    TIM_SelectCCDMA                          0x08006a05   Thumb Code    24  stm32f10x_tim.o(.text)
    TIM_CCPreloadControl                     0x08006a1d   Thumb Code    24  stm32f10x_tim.o(.text)
    TIM_OC1PreloadConfig                     0x08006a35   Thumb Code    18  stm32f10x_tim.o(.text)
    TIM_OC2PreloadConfig                     0x08006a47   Thumb Code    26  stm32f10x_tim.o(.text)
    TIM_OC3PreloadConfig                     0x08006a61   Thumb Code    18  stm32f10x_tim.o(.text)
    TIM_OC4PreloadConfig                     0x08006a73   Thumb Code    26  stm32f10x_tim.o(.text)
    TIM_OC1FastConfig                        0x08006a8d   Thumb Code    18  stm32f10x_tim.o(.text)
    TIM_OC2FastConfig                        0x08006a9f   Thumb Code    26  stm32f10x_tim.o(.text)
    TIM_OC3FastConfig                        0x08006ab9   Thumb Code    18  stm32f10x_tim.o(.text)
    TIM_OC4FastConfig                        0x08006acb   Thumb Code    26  stm32f10x_tim.o(.text)
    TIM_ClearOC1Ref                          0x08006ae5   Thumb Code    18  stm32f10x_tim.o(.text)
    TIM_ClearOC2Ref                          0x08006af7   Thumb Code    24  stm32f10x_tim.o(.text)
    TIM_ClearOC3Ref                          0x08006b0f   Thumb Code    18  stm32f10x_tim.o(.text)
    TIM_ClearOC4Ref                          0x08006b21   Thumb Code    24  stm32f10x_tim.o(.text)
    TIM_OC1PolarityConfig                    0x08006b39   Thumb Code    18  stm32f10x_tim.o(.text)
    TIM_OC1NPolarityConfig                   0x08006b4b   Thumb Code    18  stm32f10x_tim.o(.text)
    TIM_OC2PolarityConfig                    0x08006b5d   Thumb Code    26  stm32f10x_tim.o(.text)
    TIM_OC2NPolarityConfig                   0x08006b77   Thumb Code    26  stm32f10x_tim.o(.text)
    TIM_OC3PolarityConfig                    0x08006b91   Thumb Code    26  stm32f10x_tim.o(.text)
    TIM_OC3NPolarityConfig                   0x08006bab   Thumb Code    26  stm32f10x_tim.o(.text)
    TIM_OC4PolarityConfig                    0x08006bc5   Thumb Code    26  stm32f10x_tim.o(.text)
    TIM_CCxCmd                               0x08006bdf   Thumb Code    30  stm32f10x_tim.o(.text)
    TIM_CCxNCmd                              0x08006bfd   Thumb Code    30  stm32f10x_tim.o(.text)
    TIM_SelectOCxM                           0x08006c1b   Thumb Code    82  stm32f10x_tim.o(.text)
    TIM_UpdateDisableConfig                  0x08006c6d   Thumb Code    24  stm32f10x_tim.o(.text)
    TIM_UpdateRequestConfig                  0x08006c85   Thumb Code    24  stm32f10x_tim.o(.text)
    TIM_SelectHallSensor                     0x08006c9d   Thumb Code    24  stm32f10x_tim.o(.text)
    TIM_SelectOnePulseMode                   0x08006cb5   Thumb Code    18  stm32f10x_tim.o(.text)
    TIM_SelectOutputTrigger                  0x08006cc7   Thumb Code    18  stm32f10x_tim.o(.text)
    TIM_SelectSlaveMode                      0x08006cd9   Thumb Code    18  stm32f10x_tim.o(.text)
    TIM_SelectMasterSlaveMode                0x08006ceb   Thumb Code    18  stm32f10x_tim.o(.text)
    TIM_SetCounter                           0x08006cfd   Thumb Code     4  stm32f10x_tim.o(.text)
    TIM_SetAutoreload                        0x08006d01   Thumb Code     4  stm32f10x_tim.o(.text)
    TIM_SetCompare1                          0x08006d05   Thumb Code     4  stm32f10x_tim.o(.text)
    TIM_SetCompare2                          0x08006d09   Thumb Code     4  stm32f10x_tim.o(.text)
    TIM_SetCompare3                          0x08006d0d   Thumb Code     4  stm32f10x_tim.o(.text)
    TIM_SetCompare4                          0x08006d11   Thumb Code     6  stm32f10x_tim.o(.text)
    TIM_SetClockDivision                     0x08006d17   Thumb Code    18  stm32f10x_tim.o(.text)
    TIM_GetCapture1                          0x08006d29   Thumb Code     6  stm32f10x_tim.o(.text)
    TIM_GetCapture2                          0x08006d2f   Thumb Code     6  stm32f10x_tim.o(.text)
    TIM_GetCapture3                          0x08006d35   Thumb Code     6  stm32f10x_tim.o(.text)
    TIM_GetCapture4                          0x08006d3b   Thumb Code     8  stm32f10x_tim.o(.text)
    TIM_GetCounter                           0x08006d43   Thumb Code     6  stm32f10x_tim.o(.text)
    TIM_GetPrescaler                         0x08006d49   Thumb Code     6  stm32f10x_tim.o(.text)
    TIM_GetFlagStatus                        0x08006d4f   Thumb Code    18  stm32f10x_tim.o(.text)
    TIM_ClearFlag                            0x08006d61   Thumb Code     6  stm32f10x_tim.o(.text)
    TIM_GetITStatus                          0x08006d67   Thumb Code    34  stm32f10x_tim.o(.text)
    TIM_ClearITPendingBit                    0x08006d89   Thumb Code     6  stm32f10x_tim.o(.text)
    USART_DeInit                             0x08006d91   Thumb Code   134  stm32f10x_usart.o(.text)
    USART_Init                               0x08006e17   Thumb Code   210  stm32f10x_usart.o(.text)
    USART_StructInit                         0x08006ee9   Thumb Code    24  stm32f10x_usart.o(.text)
    USART_ClockInit                          0x08006f01   Thumb Code    34  stm32f10x_usart.o(.text)
    USART_ClockStructInit                    0x08006f23   Thumb Code    12  stm32f10x_usart.o(.text)
    USART_Cmd                                0x08006f2f   Thumb Code    24  stm32f10x_usart.o(.text)
    USART_ITConfig                           0x08006f47   Thumb Code    74  stm32f10x_usart.o(.text)
    USART_DMACmd                             0x08006f91   Thumb Code    18  stm32f10x_usart.o(.text)
    USART_SetAddress                         0x08006fa3   Thumb Code    18  stm32f10x_usart.o(.text)
    USART_WakeUpConfig                       0x08006fb5   Thumb Code    18  stm32f10x_usart.o(.text)
    USART_ReceiverWakeUpCmd                  0x08006fc7   Thumb Code    24  stm32f10x_usart.o(.text)
    USART_LINBreakDetectLengthConfig         0x08006fdf   Thumb Code    18  stm32f10x_usart.o(.text)
    USART_LINCmd                             0x08006ff1   Thumb Code    24  stm32f10x_usart.o(.text)
    USART_SendData                           0x08007009   Thumb Code     8  stm32f10x_usart.o(.text)
    USART_ReceiveData                        0x08007011   Thumb Code    10  stm32f10x_usart.o(.text)
    USART_SendBreak                          0x0800701b   Thumb Code    10  stm32f10x_usart.o(.text)
    USART_SetGuardTime                       0x08007025   Thumb Code    16  stm32f10x_usart.o(.text)
    USART_SetPrescaler                       0x08007035   Thumb Code    16  stm32f10x_usart.o(.text)
    USART_SmartCardCmd                       0x08007045   Thumb Code    24  stm32f10x_usart.o(.text)
    USART_SmartCardNACKCmd                   0x0800705d   Thumb Code    24  stm32f10x_usart.o(.text)
    USART_HalfDuplexCmd                      0x08007075   Thumb Code    24  stm32f10x_usart.o(.text)
    USART_OverSampling8Cmd                   0x0800708d   Thumb Code    22  stm32f10x_usart.o(.text)
    USART_OneBitMethodCmd                    0x080070a3   Thumb Code    24  stm32f10x_usart.o(.text)
    USART_IrDAConfig                         0x080070bb   Thumb Code    18  stm32f10x_usart.o(.text)
    USART_IrDACmd                            0x080070cd   Thumb Code    24  stm32f10x_usart.o(.text)
    USART_GetFlagStatus                      0x080070e5   Thumb Code    26  stm32f10x_usart.o(.text)
    USART_ClearFlag                          0x080070ff   Thumb Code    18  stm32f10x_usart.o(.text)
    USART_GetITStatus                        0x08007111   Thumb Code    84  stm32f10x_usart.o(.text)
    USART_ClearITPendingBit                  0x08007165   Thumb Code    52  stm32f10x_usart.o(.text)
    __use_no_semihosting                     0x08007199   Thumb Code     2  use_no_semi_2.o(.text)
    __use_two_region_memory                  0x0800719b   Thumb Code     2  heapauxi.o(.text)
    __rt_heap_escrow$2region                 0x0800719d   Thumb Code     2  heapauxi.o(.text)
    __rt_heap_expand$2region                 0x0800719f   Thumb Code     2  heapauxi.o(.text)
    __I$use$semihosting                      0x080071a1   Thumb Code     0  use_no_semi.o(.text)
    __use_no_semihosting_swi                 0x080071a1   Thumb Code     2  use_no_semi.o(.text)
    __user_setup_stackheap                   0x080071a3   Thumb Code    74  sys_stackheap_outer.o(.text)
    exit                                     0x080071ed   Thumb Code    12  exit.o(.text)
    __user_libspace                          0x080071f9   Thumb Code     8  libspace.o(.text)
    __user_perproc_libspace                  0x080071f9   Thumb Code     0  libspace.o(.text)
    __user_perthread_libspace                0x080071f9   Thumb Code     0  libspace.o(.text)
    Region$$Table$$Base                      0x08007200   Number         0  anon$$obj.o(Region$$Table)
    Region$$Table$$Limit                     0x08007220   Number         0  anon$$obj.o(Region$$Table)
    Ru                                       0x20000000   Data          32  main.o(.data)
    Jin                                      0x20000020   Data          32  main.o(.data)
    Xi                                       0x20000040   Data          32  main.o(.data)
    Tong                                     0x20000060   Data          32  main.o(.data)
    Mo                                       0x20000080   Data          32  main.o(.data)
    Shi                                      0x200000a0   Data          32  main.o(.data)
    Jie                                      0x200000c0   Data          32  main.o(.data)
    Shou                                     0x200000e0   Data          32  main.o(.data)
    Fa                                       0x20000100   Data          32  main.o(.data)
    Song                                     0x20000120   Data          32  main.o(.data)
    Di                                       0x20000140   Data          32  main.o(.data)
    Yi                                       0x20000160   Data          32  main.o(.data)
    Er                                       0x20000180   Data          32  main.o(.data)
    San                                      0x200001a0   Data          32  main.o(.data)
    Si                                       0x200001c0   Data          32  main.o(.data)
    Lei                                      0x200001e0   Data          32  main.o(.data)
    Shu                                      0x20000200   Data          32  main.o(.data)
    Ju                                       0x20000220   Data          32  main.o(.data)
    Zhong                                    0x20000240   Data          32  main.o(.data)
    EmptyStart                               0x20000260   Data          32  main.o(.data)
    FullStart                                0x20000280   Data          32  main.o(.data)
    Triangle                                 0x200002a0   Data          32  main.o(.data)
    Zi                                       0x200002c0   Data          32  main.o(.data)
    Jian                                     0x200002e0   Data          32  main.o(.data)
    Cun                                      0x20000300   Data          32  main.o(.data)
    Chu                                      0x20000320   Data          32  main.o(.data)
    Qi                                       0x20000340   Data          32  main.o(.data)
    Zheng                                    0x20000360   Data          32  main.o(.data)
    Chang                                    0x20000380   Data          32  main.o(.data)
    Yi4                                      0x200003a0   Data          32  main.o(.data)
    Dao                                      0x200003c0   Data          32  main.o(.data)
    Chu1                                     0x200003e0   Data          32  main.o(.data)
    Shi3                                     0x20000400   Data          32  main.o(.data)
    Hua                                      0x20000420   Data          32  main.o(.data)
    Zhi                                      0x20000440   Data          32  main.o(.data)
    Ling                                     0x20000460   Data          32  main.o(.data)
    Zhuang                                   0x20000480   Data          32  main.o(.data)
    Ding                                     0x200004a0   Data          32  main.o(.data)
    Wan                                      0x200004c0   Data          32  main.o(.data)
    Cheng                                    0x200004e0   Data          32  main.o(.data)
    pResponse                                0x20000500   Data           4  main.o(.data)
    TempM24Data                              0x20000504   Data           1  main.o(.data)
    Type1_Len                                0x20000508   Data           4  main.o(.data)
    Type2_Len                                0x2000050c   Data           4  main.o(.data)
    Type3_Len                                0x20000510   Data           4  main.o(.data)
    Type4_Len                                0x20000514   Data           4  main.o(.data)
    Type1_Num                                0x20000518   Data           2  main.o(.data)
    Type2_Num                                0x2000051a   Data           2  main.o(.data)
    Type3_Num                                0x2000051c   Data           2  main.o(.data)
    Type4_Num                                0x2000051e   Data           2  main.o(.data)
    Number                                   0x20000520   Data           2  main.o(.data)
    Send_Type                                0x20000522   Data           1  main.o(.data)
    Retry                                    0x20000523   Data           1  main.o(.data)
    TimeUp                                   0x20000524   Data           1  main.o(.data)
    Tempx                                    0x20000525   Data           1  main.o(.data)
    x                                        0x20000526   Data           1  main.o(.data)
    Len                                      0x20000527   Data           1  main.o(.data)
    y                                        0x20000528   Data           1  main.o(.data)
    ReaderConfig                             0x20000529   Data           4  main.o(.data)
    CR95HFhandled                            0x2000052d   Data           1  main.o(.data)
    ReturnData                               0x2000052e   Data           1  main.o(.data)
    TempAdd                                  0x20000530   Data           2  main.o(.data)
    TempAddLow                               0x20000532   Data           1  main.o(.data)
    TempAddHigh                              0x20000533   Data           1  main.o(.data)
    TempM24Data_1                            0x20000534   Data           1  main.o(.data)
    TempM24Data_2                            0x20000535   Data           1  main.o(.data)
    TempM24Data_3                            0x20000536   Data           1  main.o(.data)
    TempM24Data_4                            0x20000537   Data           1  main.o(.data)
    Send_Select                              0x20000538   Data           1  main.o(.data)
    System_Status                            0x20000539   Data           1  main.o(.data)
    Position                                 0x2000053a   Data           1  main.o(.data)
    Key_Push                                 0x2000053b   Data           1  main.o(.data)
    ReceivedLen                              0x2000053c   Data           1  main.o(.data)
    PC_Instruction                           0x2000053d   Data           1  main.o(.data)
    Data_Type                                0x2000053e   Data           1  main.o(.data)
    PC_DataType                              0x20000540   Data           2  main.o(.data)
    Sum                                      0x20000542   Data           1  main.o(.data)
    WriteFrameNum                            0x20000543   Data           1  main.o(.data)
    WriteNum                                 0x20000544   Data           2  main.o(.data)
    SystemCoreClock                          0x20000548   Data           4  system_stm32f10x.o(.data)
    AHBPrescTable                            0x2000054c   Data          16  system_stm32f10x.o(.data)
    CR95_Protocol                            0x20000560   Data           5  cr95.o(.data)
    CR95HF_Interface                         0x20000565   Data           1  cr95.o(.data)
    CR95HF_TimeOut                           0x20000566   Data           1  spi.o(.data)
    X                                        0x2000056c   Data           1  usart.o(.data)
    HexTable                                 0x2000056d   Data          16  usart.o(.data)
    __stdout                                 0x20000580   Data           4  usart.o(.data)
    Empty                                    0x20000598   Data          32  main.o(.bss)
    Response                                 0x200005b8   Data         100  main.o(.bss)
    ResCR95HF_IDN                            0x2000061c   Data          17  main.o(.bss)
    ReceivedData                             0x2000062d   Data         200  main.o(.bss)
    WriteData                                0x200006f5   Data         200  main.o(.bss)
    __libspace_start                         0x200007c0   Data          96  libspace.o(.bss)
    __temporary_stack_top$libspace           0x20000820   Data           0  libspace.o(.bss)



==============================================================================

Memory Map of the image

  Image Entry point : 0x080000ed

  Load Region LR_IROM1 (Base: 0x08000000, Size: 0x000077b8, Max: 0x00020000, ABSOLUTE, COMPRESSED[0x00007660])

    Execution Region ER_IROM1 (Base: 0x08000000, Size: 0x00007220, Max: 0x00020000, ABSOLUTE)

    Base Addr    Size         Type   Attr      Idx    E Section Name        Object

    0x08000000   0x000000ec   Data   RO          358    RESET               startup_stm32f10x_md.o
    0x080000ec   0x00000008   Code   RO          647  * !!!main             c_w.l(__main.o)
    0x080000f4   0x00000034   Code   RO          801    !!!scatter          c_w.l(__scatter.o)
    0x08000128   0x0000005a   Code   RO          799    !!dczerorl2         c_w.l(__dczerorl2.o)
    0x08000182   0x00000002   PAD
    0x08000184   0x0000001c   Code   RO          803    !!handler_zi        c_w.l(__scatter_zi.o)
    0x080001a0   0x00000002   Code   RO          676    .ARM.Collect$$libinit$$00000000  c_w.l(libinit.o)
    0x080001a2   0x00000000   Code   RO          683    .ARM.Collect$$libinit$$00000002  c_w.l(libinit2.o)
    0x080001a2   0x00000000   Code   RO          686    .ARM.Collect$$libinit$$00000008  c_w.l(libinit2.o)
    0x080001a2   0x00000000   Code   RO          688    .ARM.Collect$$libinit$$0000000A  c_w.l(libinit2.o)
    0x080001a2   0x00000000   Code   RO          690    .ARM.Collect$$libinit$$0000000C  c_w.l(libinit2.o)
    0x080001a2   0x00000000   Code   RO          693    .ARM.Collect$$libinit$$0000000F  c_w.l(libinit2.o)
    0x080001a2   0x00000000   Code   RO          695    .ARM.Collect$$libinit$$00000011  c_w.l(libinit2.o)
    0x080001a2   0x00000000   Code   RO          697    .ARM.Collect$$libinit$$00000013  c_w.l(libinit2.o)
    0x080001a2   0x00000000   Code   RO          699    .ARM.Collect$$libinit$$00000015  c_w.l(libinit2.o)
    0x080001a2   0x00000000   Code   RO          701    .ARM.Collect$$libinit$$00000017  c_w.l(libinit2.o)
    0x080001a2   0x00000000   Code   RO          703    .ARM.Collect$$libinit$$00000019  c_w.l(libinit2.o)
    0x080001a2   0x00000000   Code   RO          705    .ARM.Collect$$libinit$$0000001B  c_w.l(libinit2.o)
    0x080001a2   0x00000000   Code   RO          707    .ARM.Collect$$libinit$$0000001D  c_w.l(libinit2.o)
    0x080001a2   0x00000000   Code   RO          709    .ARM.Collect$$libinit$$0000001F  c_w.l(libinit2.o)
    0x080001a2   0x00000000   Code   RO          711    .ARM.Collect$$libinit$$00000021  c_w.l(libinit2.o)
    0x080001a2   0x00000000   Code   RO          713    .ARM.Collect$$libinit$$00000023  c_w.l(libinit2.o)
    0x080001a2   0x00000000   Code   RO          717    .ARM.Collect$$libinit$$0000002A  c_w.l(libinit2.o)
    0x080001a2   0x00000000   Code   RO          719    .ARM.Collect$$libinit$$0000002C  c_w.l(libinit2.o)
    0x080001a2   0x00000000   Code   RO          721    .ARM.Collect$$libinit$$0000002E  c_w.l(libinit2.o)
    0x080001a2   0x00000000   Code   RO          723    .ARM.Collect$$libinit$$00000030  c_w.l(libinit2.o)
    0x080001a2   0x00000002   Code   RO          724    .ARM.Collect$$libinit$$00000031  c_w.l(libinit2.o)
    0x080001a4   0x00000002   Code   RO          742    .ARM.Collect$$libshutdown$$00000000  c_w.l(libshutdown.o)
    0x080001a6   0x00000000   Code   RO          753    .ARM.Collect$$libshutdown$$00000003  c_w.l(libshutdown2.o)
    0x080001a6   0x00000000   Code   RO          756    .ARM.Collect$$libshutdown$$00000006  c_w.l(libshutdown2.o)
    0x080001a6   0x00000000   Code   RO          759    .ARM.Collect$$libshutdown$$00000009  c_w.l(libshutdown2.o)
    0x080001a6   0x00000000   Code   RO          761    .ARM.Collect$$libshutdown$$0000000B  c_w.l(libshutdown2.o)
    0x080001a6   0x00000000   Code   RO          764    .ARM.Collect$$libshutdown$$0000000E  c_w.l(libshutdown2.o)
    0x080001a6   0x00000002   Code   RO          765    .ARM.Collect$$libshutdown$$0000000F  c_w.l(libshutdown2.o)
    0x080001a8   0x00000000   Code   RO          651    .ARM.Collect$$rtentry$$00000000  c_w.l(rtentry.o)
    0x080001a8   0x00000000   Code   RO          653    .ARM.Collect$$rtentry$$00000002  c_w.l(rtentry2.o)
    0x080001a8   0x00000006   Code   RO          665    .ARM.Collect$$rtentry$$00000004  c_w.l(rtentry4.o)
    0x080001ae   0x00000000   Code   RO          655    .ARM.Collect$$rtentry$$00000009  c_w.l(rtentry2.o)
    0x080001ae   0x00000004   Code   RO          656    .ARM.Collect$$rtentry$$0000000A  c_w.l(rtentry2.o)
    0x080001b2   0x00000000   Code   RO          658    .ARM.Collect$$rtentry$$0000000C  c_w.l(rtentry2.o)
    0x080001b2   0x00000008   Code   RO          659    .ARM.Collect$$rtentry$$0000000D  c_w.l(rtentry2.o)
    0x080001ba   0x00000002   Code   RO          680    .ARM.Collect$$rtexit$$00000000  c_w.l(rtexit.o)
    0x080001bc   0x00000000   Code   RO          726    .ARM.Collect$$rtexit$$00000002  c_w.l(rtexit2.o)
    0x080001bc   0x00000004   Code   RO          727    .ARM.Collect$$rtexit$$00000003  c_w.l(rtexit2.o)
    0x080001c0   0x00000006   Code   RO          728    .ARM.Collect$$rtexit$$00000004  c_w.l(rtexit2.o)
    0x080001c6   0x00000002   PAD
    0x080001c8   0x00002188   Code   RO            1    .text               main.o
    0x08002350   0x0000001a   Code   RO          139    .text               stm32f10x_it.o
    0x0800236a   0x00000002   PAD
    0x0800236c   0x000001dc   Code   RO          180    .text               system_stm32f10x.o
    0x08002548   0x000000a8   Code   RO          198    .text               key.o
    0x080025f0   0x00000184   Code   RO          211    .text               timer.o
    0x08002774   0x00001a08   Code   RO          229    .text               cr95.o
    0x0800417c   0x0000025c   Code   RO          248    .text               spi.o
    0x080043d8   0x00000228   Code   RO          264    .text               flash.o
    0x08004600   0x000006a4   Code   RO          276    .text               lcd.o
    0x08004ca4   0x000000a8   Code   RO          299    .text               delay.o
    0x08004d4c   0x0000000c   Code   RO          313    .text               sys.o
    0x08004d58   0x000006f8   Code   RO          325    .text               usart.o
    0x08005450   0x00000040   Code   RO          359    .text               startup_stm32f10x_md.o
    0x08005490   0x000000dc   Code   RO          363    .text               misc.o
    0x0800556c   0x00000358   Code   RO          507    .text               stm32f10x_gpio.o
    0x080058c4   0x000003a4   Code   RO          555    .text               stm32f10x_rcc.o
    0x08005c68   0x0000030c   Code   RO          593    .text               stm32f10x_spi.o
    0x08005f74   0x00000e1a   Code   RO          605    .text               stm32f10x_tim.o
    0x08006d8e   0x00000002   PAD
    0x08006d90   0x00000408   Code   RO          617    .text               stm32f10x_usart.o
    0x08007198   0x00000002   Code   RO          643    .text               c_w.l(use_no_semi_2.o)
    0x0800719a   0x00000006   Code   RO          645    .text               c_w.l(heapauxi.o)
    0x080071a0   0x00000002   Code   RO          649    .text               c_w.l(use_no_semi.o)
    0x080071a2   0x0000004a   Code   RO          667    .text               c_w.l(sys_stackheap_outer.o)
    0x080071ec   0x0000000c   Code   RO          669    .text               c_w.l(exit.o)
    0x080071f8   0x00000008   Code   RO          677    .text               c_w.l(libspace.o)
    0x08007200   0x00000020   Data   RO          797    Region$$Table       anon$$obj.o


    Execution Region RW_IRAM1 (Base: 0x20000000, Size: 0x00000e20, Max: 0x00005000, ABSOLUTE, COMPRESSED[0x00000440])

    Base Addr    Size         Type   Attr      Idx    E Section Name        Object

    0x20000000   0x00000546   Data   RW            3    .data               main.o
    0x20000546   0x00000002   PAD
    0x20000548   0x00000014   Data   RW          181    .data               system_stm32f10x.o
    0x2000055c   0x00000001   Data   RW          199    .data               key.o
    0x2000055d   0x00000001   PAD
    0x2000055e   0x00000002   Data   RW          212    .data               timer.o
    0x20000560   0x00000006   Data   RW          230    .data               cr95.o
    0x20000566   0x00000001   Data   RW          249    .data               spi.o
    0x20000567   0x00000001   PAD
    0x20000568   0x00000004   Data   RW          300    .data               delay.o
    0x2000056c   0x00000018   Data   RW          326    .data               usart.o
    0x20000584   0x00000014   Data   RW          556    .data               stm32f10x_rcc.o
    0x20000598   0x00000225   Zero   RW            2    .bss                main.o
    0x200007bd   0x00000003   PAD
    0x200007c0   0x00000060   Zero   RW          678    .bss                c_w.l(libspace.o)
    0x20000820   0x00000200   Zero   RW          357    HEAP                startup_stm32f10x_md.o
    0x20000a20   0x00000400   Zero   RW          356    STACK               startup_stm32f10x_md.o


==============================================================================

Image component sizes


      Code (inc. data)   RO Data    RW Data    ZI Data      Debug   Object Name

         0          0          0          0          0         32   core_cm3.o
      6664       2132          0          6          0      10536   cr95.o
       168          8          0          4          0        927   delay.o
       552          8          0          0          0       2451   flash.o
       168         22          0          1          0        692   key.o
      1700         94          0          0          0       3997   lcd.o
      8584       2770          0       1350        549     267574   main.o
       220         20          0          0          0       1681   misc.o
       604         14          0          1          0       2741   spi.o
        64         26        236          0       1536        736   startup_stm32f10x_md.o
       856         40          0          0          0       5525   stm32f10x_gpio.o
        26          0          0          0          0       1118   stm32f10x_it.o
       932         44          0         20          0       8632   stm32f10x_rcc.o
       780         14          0          0          0       6406   stm32f10x_spi.o
      3610         88          0          0          0      22008   stm32f10x_tim.o
      1032         22          0          0          0       8248   stm32f10x_usart.o
        12          0          0          0          0        389   sys.o
       476         36          0         20          0       1555   system_stm32f10x.o
       388         16          0          2          0       1669   timer.o
      1784        188          0         24          0       7123   usart.o

    ----------------------------------------------------------------------
     28624       5542        268       1432       2088     354040   Object Totals
         0          0         32          0          0          0   (incl. Generated)
         4          0          0          4          3          0   (incl. Padding)

    ----------------------------------------------------------------------

      Code (inc. data)   RO Data    RW Data    ZI Data      Debug   Library Member Name

        90          0          0          0          0          0   __dczerorl2.o
         8          0          0          0          0         68   __main.o
        52          8          0          0          0          0   __scatter.o
        28          0          0          0          0          0   __scatter_zi.o
        12          0          0          0          0         72   exit.o
         6          0          0          0          0        152   heapauxi.o
         2          0          0          0          0          0   libinit.o
         2          0          0          0          0          0   libinit2.o
         2          0          0          0          0          0   libshutdown.o
         2          0          0          0          0          0   libshutdown2.o
         8          4          0          0         96         68   libspace.o
         0          0          0          0          0          0   rtentry.o
        12          0          0          0          0          0   rtentry2.o
         6          0          0          0          0          0   rtentry4.o
         2          0          0          0          0          0   rtexit.o
        10          0          0          0          0          0   rtexit2.o
        74          0          0          0          0         80   sys_stackheap_outer.o
         2          0          0          0          0         68   use_no_semi.o
         2          0          0          0          0         68   use_no_semi_2.o

    ----------------------------------------------------------------------
       324         12          0          0         96        576   Library Totals
         4          0          0          0          0          0   (incl. Padding)

    ----------------------------------------------------------------------

      Code (inc. data)   RO Data    RW Data    ZI Data      Debug   Library Name

       320         12          0          0         96        576   c_w.l

    ----------------------------------------------------------------------
       324         12          0          0         96        576   Library Totals

    ----------------------------------------------------------------------

==============================================================================


      Code (inc. data)   RO Data    RW Data    ZI Data      Debug   

     28948       5554        268       1432       2184     352848   Grand Totals
     28948       5554        268       1088       2184     352848   ELF Image Totals (compressed)
     28948       5554        268       1088          0          0   ROM Totals

==============================================================================

    Total RO  Size (Code + RO Data)                29216 (  28.53kB)
    Total RW  Size (RW Data + ZI Data)              3616 (   3.53kB)
    Total ROM Size (Code + RO Data + RW Data)      30304 (  29.59kB)

==============================================================================

