<html>
<body>
<pre>
<h1>µVision Build Log</h1>
<h2>Project:</h2>
G:\XB\D2-Soft\Test\V1_2\3´®¿Ú\USER\3UART.Uv2
Project File Date:  03/07/2012

<h2>Output:</h2>
Build target 'Target 1'
linking...
Program Size: Code=4800 RO-data=268 RW-data=48 ZI-data=1632  
FromELF: creating hex file...
"..\BIN\KEY.axf" - 0 Error(s), 0 Warning(s).
\BIN\KEY.axf" - 0 Error(s), 0 Warning(s).
compiling main.c...
"main.c" - 0 Error(s), 0 Warning(s).
ng delay.c...
compiling sys.c...
compiling usart.c...
compiling core_cm3.c...
assembling startup_stm32f10x_md.s...
compiling misc.c...
compiling stm32f10x_adc.c...
compiling stm32f10x_bkp.c...
compiling stm32f10x_can.c...
compiling stm32f10x_cec.c...
compiling stm32f10x_crc.c...
compiling stm32f10x_dac.c...
compiling stm32f10x_dbgmcu.c...
compiling stm32f10x_dma.c...
compiling stm32f10x_exti.c...
compiling stm32f10x_flash.c...
compiling stm32f10x_fsmc.c...
compiling stm32f10x_gpio.c...
compiling stm32f10x_i2c.c...
compiling stm32f10x_iwdg.c...
compiling stm32f10x_pwr.c...
compiling stm32f10x_rcc.c...
compiling stm32f10x_rtc.c...
compiling stm32f10x_sdio.c...
compiling stm32f10x_spi.c...
compiling stm32f10x_tim.c...
compiling stm32f10x_usart.c...
compiling stm32f10x_wwdg.c...
linking...
Program Size: Code=4384 RO-data=268 RW-data=52 ZI-data=1700  
FromELF: creating hex file...
"..\BIN\KEY.axf" - 0 Error(s), 1 Warning(s).
compiling main.c...
main.c(8): warning:  #177-D: variable "t" was declared but never referenced
        u8 t;   
main.c: 1 warning, 0 errors
"main.c" - 0 Error(s), 1 Warning(s).
compiling main.c...
"main.c" - 0 Error(s), 0 Warning(s).
